Archive member included to satisfy reference by file (symbol)

d:/nxp/mcuxpressoide_11.4.1_6260/ide/plugins/com.nxp.mcuxpresso.tools.win32_11.4.0.202103011116/tools/bin/../lib/gcc/arm-none-eabi/10.2.1/../../../../arm-none-eabi/lib/thumb/v7e-m+dp/hard\libcr_nohost_nf.a(_cr__main.o)
                              ./startup/startup_mimxrt1062.o (__main)
d:/nxp/mcuxpressoide_11.4.1_6260/ide/plugins/com.nxp.mcuxpresso.tools.win32_11.4.0.202103011116/tools/bin/../lib/gcc/arm-none-eabi/10.2.1/../../../../arm-none-eabi/lib/thumb/v7e-m+dp/hard\libcr_c.a(memcpy.o)
                              ./source/TencentOS_Tiny/kernel/core/tos_binary_heap.o (memcpy)
d:/nxp/mcuxpressoide_11.4.1_6260/ide/plugins/com.nxp.mcuxpresso.tools.win32_11.4.0.202103011116/tools/bin/../lib/gcc/arm-none-eabi/10.2.1/../../../../arm-none-eabi/lib/thumb/v7e-m+dp/hard\libcr_c.a(memset.o)
                              ./source/TencentOS_Tiny/kernel/core/tos_mmheap.o (memset)
d:/nxp/mcuxpressoide_11.4.1_6260/ide/plugins/com.nxp.mcuxpresso.tools.win32_11.4.0.202103011116/tools/bin/../lib/gcc/arm-none-eabi/10.2.1/../../../../arm-none-eabi/lib/thumb/v7e-m+dp/hard\libcr_c.a(alloc.o)
                              ./drivers/fsl_common.o (malloc)
d:/nxp/mcuxpressoide_11.4.1_6260/ide/plugins/com.nxp.mcuxpresso.tools.win32_11.4.0.202103011116/tools/bin/../lib/gcc/arm-none-eabi/10.2.1/../../../../arm-none-eabi/lib/thumb/v7e-m+dp/hard\libcr_c.a(initio.o)
                              d:/nxp/mcuxpressoide_11.4.1_6260/ide/plugins/com.nxp.mcuxpresso.tools.win32_11.4.0.202103011116/tools/bin/../lib/gcc/arm-none-eabi/10.2.1/../../../../arm-none-eabi/lib/thumb/v7e-m+dp/hard\libcr_nohost_nf.a(_cr__main.o) (_initio)
d:/nxp/mcuxpressoide_11.4.1_6260/ide/plugins/com.nxp.mcuxpresso.tools.win32_11.4.0.202103011116/tools/bin/../lib/gcc/arm-none-eabi/10.2.1/../../../../arm-none-eabi/lib/thumb/v7e-m+dp/hard\libcr_c.a(printf.o)
                              ./source/TencentOS_Tiny/kernel/core/tos_priority_queue.o (_printf)
d:/nxp/mcuxpressoide_11.4.1_6260/ide/plugins/com.nxp.mcuxpresso.tools.win32_11.4.0.202103011116/tools/bin/../lib/gcc/arm-none-eabi/10.2.1/../../../../arm-none-eabi/lib/thumb/v7e-m+dp/hard\libcr_c.a(setvbuf.o)
                              d:/nxp/mcuxpressoide_11.4.1_6260/ide/plugins/com.nxp.mcuxpresso.tools.win32_11.4.0.202103011116/tools/bin/../lib/gcc/arm-none-eabi/10.2.1/../../../../arm-none-eabi/lib/thumb/v7e-m+dp/hard\libcr_c.a(initio.o) (setvbuf)
d:/nxp/mcuxpressoide_11.4.1_6260/ide/plugins/com.nxp.mcuxpresso.tools.win32_11.4.0.202103011116/tools/bin/../lib/gcc/arm-none-eabi/10.2.1/../../../../arm-none-eabi/lib/thumb/v7e-m+dp/hard\libcr_c.a(strlen.o)
                              ./utilities/fsl_debug_console.o (strlen)
d:/nxp/mcuxpressoide_11.4.1_6260/ide/plugins/com.nxp.mcuxpresso.tools.win32_11.4.0.202103011116/tools/bin/../lib/gcc/arm-none-eabi/10.2.1/../../../../arm-none-eabi/lib/thumb/v7e-m+dp/hard\libcr_c.a(strncpy.o)
                              ./source/TencentOS_Tiny/kernel/core/tos_task.o (strncpy)
d:/nxp/mcuxpressoide_11.4.1_6260/ide/plugins/com.nxp.mcuxpresso.tools.win32_11.4.0.202103011116/tools/bin/../lib/gcc/arm-none-eabi/10.2.1/../../../../arm-none-eabi/lib/thumb/v7e-m+dp/hard\libcr_c.a(__init_alloc.o)
                              d:/nxp/mcuxpressoide_11.4.1_6260/ide/plugins/com.nxp.mcuxpresso.tools.win32_11.4.0.202103011116/tools/bin/../lib/gcc/arm-none-eabi/10.2.1/../../../../arm-none-eabi/lib/thumb/v7e-m+dp/hard\libcr_c.a(alloc.o) (__heaps)
d:/nxp/mcuxpressoide_11.4.1_6260/ide/plugins/com.nxp.mcuxpresso.tools.win32_11.4.0.202103011116/tools/bin/../lib/gcc/arm-none-eabi/10.2.1/../../../../arm-none-eabi/lib/thumb/v7e-m+dp/hard\libcr_c.a(_cr_sbrk.o)
                              d:/nxp/mcuxpressoide_11.4.1_6260/ide/plugins/com.nxp.mcuxpresso.tools.win32_11.4.0.202103011116/tools/bin/../lib/gcc/arm-none-eabi/10.2.1/../../../../arm-none-eabi/lib/thumb/v7e-m+dp/hard\libcr_c.a(alloc.o) (_sbrk)
d:/nxp/mcuxpressoide_11.4.1_6260/ide/plugins/com.nxp.mcuxpresso.tools.win32_11.4.0.202103011116/tools/bin/../lib/gcc/arm-none-eabi/10.2.1/../../../../arm-none-eabi/lib/thumb/v7e-m+dp/hard\libcr_c.a(_deferredlazyseek.o)
                              d:/nxp/mcuxpressoide_11.4.1_6260/ide/plugins/com.nxp.mcuxpresso.tools.win32_11.4.0.202103011116/tools/bin/../lib/gcc/arm-none-eabi/10.2.1/../../../../arm-none-eabi/lib/thumb/v7e-m+dp/hard\libcr_c.a(printf.o) (__flsbuf)
d:/nxp/mcuxpressoide_11.4.1_6260/ide/plugins/com.nxp.mcuxpresso.tools.win32_11.4.0.202103011116/tools/bin/../lib/gcc/arm-none-eabi/10.2.1/../../../../arm-none-eabi/lib/thumb/v7e-m+dp/hard\libcr_c.a(_fdopen.o)
                              d:/nxp/mcuxpressoide_11.4.1_6260/ide/plugins/com.nxp.mcuxpresso.tools.win32_11.4.0.202103011116/tools/bin/../lib/gcc/arm-none-eabi/10.2.1/../../../../arm-none-eabi/lib/thumb/v7e-m+dp/hard\libcr_c.a(initio.o) (_fdopen)
[...]
Memory Configuration

Name             Origin             Length             Attributes
BOARD_FLASH      0x60000000         0x00800000         xr
SRAM_DTC         0x20000000         0x00020000         xrw
SRAM_ITC         0x00000000         0x00020000         xrw
SRAM_OC          0x20200000         0x000c0000         xrw
BOARD_SDRAM      0x80000000         0x01e00000         xrw
NCACHE_REGION    0x81e00000         0x00200000         xrw
*default*        0x00000000         0xffffffff

Linker script and memory map

LOAD ./xip/evkbmimxrt1060_flexspi_nor_config.o
LOAD ./xip/fsl_flexspi_nor_boot.o
LOAD ./utilities/fsl_assert.o
LOAD ./utilities/fsl_debug_console.o
LOAD ./startup/startup_mimxrt1062.o
LOAD ./source/TencentOS_Tiny/kernel/pm/tos_pm.o
LOAD ./source/TencentOS_Tiny/kernel/pm/tos_tickless.o
LOAD ./source/TencentOS_Tiny/kernel/core/tos_barrier.o
LOAD ./source/TencentOS_Tiny/kernel/core/tos_binary_heap.o
LOAD ./source/TencentOS_Tiny/kernel/core/tos_bitmap.o
LOAD ./source/TencentOS_Tiny/kernel/core/tos_char_fifo.o
LOAD ./source/TencentOS_Tiny/kernel/core/tos_completion.o
LOAD ./source/TencentOS_Tiny/kernel/core/tos_countdownlatch.o
LOAD ./source/TencentOS_Tiny/kernel/core/tos_event.o
LOAD ./source/TencentOS_Tiny/kernel/core/tos_global.o
LOAD ./source/TencentOS_Tiny/kernel/core/tos_mail_queue.o
LOAD ./source/TencentOS_Tiny/kernel/core/tos_message_queue.o
LOAD ./source/TencentOS_Tiny/kernel/core/tos_mmblk.o
LOAD ./source/TencentOS_Tiny/kernel/core/tos_mmheap.o
LOAD ./source/TencentOS_Tiny/kernel/core/tos_mutex.o
LOAD ./source/TencentOS_Tiny/kernel/core/tos_pend.o
LOAD ./source/TencentOS_Tiny/kernel/core/tos_priority_mail_queue.o
LOAD ./source/TencentOS_Tiny/kernel/core/tos_priority_message_queue.o
LOAD ./source/TencentOS_Tiny/kernel/core/tos_priority_queue.o
LOAD ./source/TencentOS_Tiny/kernel/core/tos_ring_queue.o
LOAD ./source/TencentOS_Tiny/kernel/core/tos_robin.o
LOAD ./source/TencentOS_Tiny/kernel/core/tos_rwlock.o
LOAD ./source/TencentOS_Tiny/kernel/core/tos_sched.o
LOAD ./source/TencentOS_Tiny/kernel/core/tos_sem.o
LOAD ./source/TencentOS_Tiny/kernel/core/tos_stopwatch.o
LOAD ./source/TencentOS_Tiny/kernel/core/tos_sys.o
LOAD ./source/TencentOS_Tiny/kernel/core/tos_task.o
LOAD ./source/TencentOS_Tiny/kernel/core/tos_tick.o
LOAD ./source/TencentOS_Tiny/kernel/core/tos_time.o
LOAD ./source/TencentOS_Tiny/kernel/core/tos_timer.o
LOAD ./source/TencentOS_Tiny/arch/arm/arm-v7m/cortex-m7/gcc/port_c.o
LOAD ./source/TencentOS_Tiny/arch/arm/arm-v7m/cortex-m7/gcc/port_s.o
LOAD ./source/TencentOS_Tiny/arch/arm/arm-v7m/common/tos_cpu.o
LOAD ./source/TencentOS_Tiny/arch/arm/arm-v7m/common/tos_fault.o
LOAD ./source/sdcard_fatfs.o
LOAD ./source/semihost_hardfault.o
LOAD ./sdmmc/src/fsl_sd.o
LOAD ./sdmmc/src/fsl_sdmmc_common.o
LOAD ./sdmmc/osa/fsl_sdmmc_osa.o
LOAD ./sdmmc/host/fsl_sdmmc_host.o
LOAD ./fatfs/source/fsl_sd_disk/fsl_sd_disk.o
LOAD ./fatfs/source/fsl_ram_disk/fsl_ram_disk.o
LOAD ./fatfs/source/diskio.o
LOAD ./fatfs/source/ff.o
LOAD ./fatfs/source/ffsystem.o
LOAD ./fatfs/source/ffunicode.o
LOAD ./drivers/fsl_cache.o
LOAD ./drivers/fsl_clock.o
LOAD ./drivers/fsl_common.o
LOAD ./drivers/fsl_common_arm.o
LOAD ./drivers/fsl_gpio.o
LOAD ./drivers/fsl_lpuart.o
LOAD ./drivers/fsl_usdhc.o
LOAD ./device/system_MIMXRT1062.o
LOAD ./component/uart/fsl_adapter_lpuart.o
LOAD ./component/osa/fsl_os_abstraction_bm.o
LOAD ./component/lists/fsl_component_generic_list.o
LOAD ./board/board.o
LOAD ./board/clock_config.o
LOAD ./board/dcd.o
LOAD ./board/pin_mux.o
LOAD ./board/sdmmc_config.o
START GROUP
LOAD d:/nxp/mcuxpressoide_11.4.1_6260/ide/plugins/com.nxp.mcuxpresso.tools.win32_11.4.0.202103011116/tools/bin/../lib/gcc/arm-none-eabi/10.2.1/../../../../arm-none-eabi/lib/thumb/v7e-m+dp/hard\libcr_nohost_nf.a
LOAD d:/nxp/mcuxpressoide_11.4.1_6260/ide/plugins/com.nxp.mcuxpresso.tools.win32_11.4.0.202103011116/tools/bin/../lib/gcc/arm-none-eabi/10.2.1/../../../../arm-none-eabi/lib/thumb/v7e-m+dp/hard\libcr_c.a
LOAD d:/nxp/mcuxpressoide_11.4.1_6260/ide/plugins/com.nxp.mcuxpresso.tools.win32_11.4.0.202103011116/tools/bin/../lib/gcc/arm-none-eabi/10.2.1/thumb/v7e-m+dp/hard\libcr_eabihelpers.a
LOAD d:/nxp/mcuxpressoide_11.4.1_6260/ide/plugins/com.nxp.mcuxpresso.tools.win32_11.4.0.202103011116/tools/bin/../lib/gcc/arm-none-eabi/10.2.1/thumb/v7e-m+dp/hard\libgcc.a
END GROUP
                0x60000000                __base_BOARD_FLASH = 0x60000000
                0x60000000                __base_Flash = 0x60000000
                0x60800000                __top_BOARD_FLASH = 0x60800000
                0x60800000                __top_Flash = 0x60800000
                0x20000000                __base_SRAM_DTC = 0x20000000
                0x20000000                __base_RAM = 0x20000000
                0x20020000                __top_SRAM_DTC = 0x20020000
                0x20020000                __top_RAM = 0x20020000
                0x00000000                __base_SRAM_ITC = 0x0
                0x00000000                __base_RAM2 = 0x0
                0x00020000                __top_SRAM_ITC = 0x20000
                0x00020000                __top_RAM2 = 0x20000
                0x20200000                __base_SRAM_OC = 0x20200000
                0x20200000                __base_RAM3 = 0x20200000
                0x202c0000                __top_SRAM_OC = 0x202c0000
                0x202c0000                __top_RAM3 = 0x202c0000
                0x80000000                __base_BOARD_SDRAM = 0x80000000
                0x80000000                __base_RAM4 = 0x80000000
                0x81e00000                __top_BOARD_SDRAM = 0x81e00000
                0x81e00000                __top_RAM4 = 0x81e00000
                0x81e00000                __base_NCACHE_REGION = 0x81e00000
                0x81e00000                __base_RAM5 = 0x81e00000
                0x82000000                __top_NCACHE_REGION = 0x82000000
                0x82000000                __top_RAM5 = 0x82000000

.text           0x20000000     0xcbf4
 FILL mask 0xff
                0x20000000                __vectors_start__ = ABSOLUTE (.)
 *(SORT_BY_ALIGNMENT(.isr_vector))
 .isr_vector    0x20000000      0x2b8 ./startup/startup_mimxrt1062.o
                0x20000000                g_pfnVectors
                0x20000000                __Vectors
                0x200002b8                . = ALIGN (0x4)
                0x200002b8                __section_table_start = .
                0x200002b8                __data_section_table = .
                0x200002b8        0x4 LONG 0x2000cbf8 LOADADDR (.data)
                0x200002bc        0x4 LONG 0x2000cbf8 ADDR (.data)
                0x200002c0        0x4 LONG 0x3c SIZEOF (.data)
                0x200002c4        0x4 LONG 0x2000cbf4 LOADADDR (.data_RAM2)
                0x200002c8        0x4 LONG 0x0 ADDR (.data_RAM2)
                0x200002cc        0x4 LONG 0x0 SIZEOF (.data_RAM2)
                0x200002d0        0x4 LONG 0x2000cbf4 LOADADDR (.data_RAM3)
                0x200002d4        0x4 LONG 0x20200000 ADDR (.data_RAM3)
                0x200002d8        0x4 LONG 0x0 SIZEOF (.data_RAM3)
                0x200002dc        0x4 LONG 0x2000cbf4 LOADADDR (.data_RAM4)
                0x200002e0        0x4 LONG 0x80000000 ADDR (.data_RAM4)
                0x200002e4        0x4 LONG 0x0 SIZEOF (.data_RAM4)
                0x200002e8        0x4 LONG 0x2000cbf4 LOADADDR (.data_RAM5)
                0x200002ec        0x4 LONG 0x81e00000 ADDR (.data_RAM5)
                0x200002f0        0x4 LONG 0x0 SIZEOF (.data_RAM5)
                0x200002f4                __data_section_table_end = .
                0x200002f4                __bss_section_table = .
                0x200002f4        0x4 LONG 0x2000cc40 ADDR (.bss)
                0x200002f8        0x4 LONG 0x4364 SIZEOF (.bss)
                0x200002fc        0x4 LONG 0x0 ADDR (.bss_RAM2)
                0x20000300        0x4 LONG 0x0 SIZEOF (.bss_RAM2)
                0x20000304        0x4 LONG 0x20200000 ADDR (.bss_RAM3)
                0x20000308        0x4 LONG 0x0 SIZEOF (.bss_RAM3)
                0x2000030c        0x4 LONG 0x80000000 ADDR (.bss_RAM4)
                0x20000310        0x4 LONG 0x0 SIZEOF (.bss_RAM4)
                0x20000314        0x4 LONG 0x81e00000 ADDR (.bss_RAM5)
                0x20000318        0x4 LONG 0x0 SIZEOF (.bss_RAM5)
                0x2000031c                __bss_section_table_end = .
                0x2000031c                __section_table_end = .
 *(SORT_BY_ALIGNMENT(.after_vectors*))
 .after_vectors.reset
                0x2000031c       0x54 ./startup/startup_mimxrt1062.o
                0x2000031c                ResetISR
 .after_vectors.init_data
                0x20000370       0x1e ./startup/startup_mimxrt1062.o
                0x20000370                data_init
 .after_vectors.init_bss
                0x2000038e       0x12 ./startup/startup_mimxrt1062.o
                0x2000038e                bss_init
 .after_vectors
                0x200003a0       0x14 ./startup/startup_mimxrt1062.o
                0x200003a0                NMI_Handler
                0x200003a4                MemManage_Handler
                0x200003a6                BusFault_Handler
                0x200003a8                UsageFault_Handler
                0x200003aa                SVC_Handler
                0x200003ac                DebugMon_Handler
                0x200003b2                LCDIF_DriverIRQHandler
                0x200003b2                SAI3_RX_DriverIRQHandler
                0x200003b2                CCM_2_DriverIRQHandler
                0x200003b2                PIT_DriverIRQHandler
                0x200003b2                PMU_EVENT_DriverIRQHandler
                0x200003b2                PWM4_FAULT_DriverIRQHandler
                0x200003b2                DMA13_DMA29_DriverIRQHandler
                0x200003b2                FLEXRAM_DriverIRQHandler
                0x200003b2                LPSPI4_DriverIRQHandler
                0x200003b2                SEMC_DriverIRQHandler
                0x200003b2                SPDIF_DriverIRQHandler
                0x200003b2                PWM4_3_DriverIRQHandler
                0x200003b2                ENET2_DriverIRQHandler
                0x200003b2                LPSPI2_DriverIRQHandler
                0x200003b2                USB_PHY1_DriverIRQHandler
                0x200003b2                GPIO3_Combined_0_15_DriverIRQHandler
                0x200003b2                CAN3_DriverIRQHandler
                0x200003b2                Reserved171_DriverIRQHandler
                0x200003b2                DMA7_DMA23_DriverIRQHandler
                0x200003b2                BEE_DriverIRQHandler
                0x200003b2                LPI2C3_DriverIRQHandler
                0x200003b2                GPR_IRQ_DriverIRQHandler
                0x200003b2                PWM2_FAULT_DriverIRQHandler
                0x200003b2                PWM3_1_DriverIRQHandler
                0x200003b2                DMA14_DMA30_DriverIRQHandler
                0x200003b2                TMR1_DriverIRQHandler
                0x200003b2                TRNG_DriverIRQHandler
                0x200003b2                PWM3_2_DriverIRQHandler
                0x200003b2                ENET_1588_Timer_DriverIRQHandler
                0x200003b2                FLEXIO2_DriverIRQHandler
                0x200003b2                GPIO2_Combined_16_31_DriverIRQHandler
                0x200003b2                Reserved143_DriverIRQHandler
                0x200003b2                FLEXSPI2_DriverIRQHandler
                0x200003b2                PWM4_1_DriverIRQHandler
                0x200003b2                PWM3_3_DriverIRQHandler
                0x200003b2                DMA0_DMA16_DriverIRQHandler
                0x200003b2                IntDefaultHandler
                0x200003b2                DMA2_DMA18_DriverIRQHandler
                0x200003b2                SRC_DriverIRQHandler
                0x200003b2                GPIO1_INT4_DriverIRQHandler
                0x200003b2                Reserved144_DriverIRQHandler
                0x200003b2                ENC3_DriverIRQHandler
                0x200003b2                PWM3_FAULT_DriverIRQHandler
                0x200003b2                EWM_DriverIRQHandler
                0x200003b2                KPP_DriverIRQHandler
                0x200003b2                WDOG1_DriverIRQHandler
                0x200003b2                FLEXIO1_DriverIRQHandler
                0x200003b2                ENET_DriverIRQHandler
                0x200003b2                Reserved78_DriverIRQHandler
                0x200003b2                TMR4_DriverIRQHandler
                0x200003b2                ENC2_DriverIRQHandler
                0x200003b2                ADC_ETC_IRQ2_DriverIRQHandler
                0x200003b2                GPIO1_Combined_16_31_DriverIRQHandler
                0x200003b2                GPIO1_INT7_DriverIRQHandler
                0x200003b2                SAI1_DriverIRQHandler
                0x200003b2                DCDC_DriverIRQHandler
                0x200003b2                DMA12_DMA28_DriverIRQHandler
                0x200003b2                PWM4_0_DriverIRQHandler
                0x200003b2                ADC_ETC_ERROR_IRQ_DriverIRQHandler
                0x200003b2                ACMP2_DriverIRQHandler
                0x200003b2                GPIO5_Combined_0_15_DriverIRQHandler
                0x200003b2                GPIO1_INT0_DriverIRQHandler
                0x200003b2                GPIO1_INT2_DriverIRQHandler
                0x200003b2                RTWDOG_DriverIRQHandler
                0x200003b2                FLEXSPI_DriverIRQHandler
                0x200003b2                GPT2_DriverIRQHandler
                0x200003b2                USB_PHY2_DriverIRQHandler
                0x200003b2                DMA10_DMA26_DriverIRQHandler
                0x200003b2                PWM2_1_DriverIRQHandler
                0x200003b2                PWM1_1_DriverIRQHandler
                0x200003b2                PXP_DriverIRQHandler
                0x200003b2                ADC1_DriverIRQHandler
                0x200003b2                PWM1_0_DriverIRQHandler
                0x200003b2                SJC_DriverIRQHandler
                0x200003b2                DMA1_DMA17_DriverIRQHandler
                0x200003b2                ENC1_DriverIRQHandler
                0x200003b2                ENC4_DriverIRQHandler
                0x200003b2                CAN2_DriverIRQHandler
                0x200003b2                DCP_DriverIRQHandler
                0x200003b2                CTI0_ERROR_DriverIRQHandler
                0x200003b2                DMA8_DMA24_DriverIRQHandler
                0x200003b2                GPT1_DriverIRQHandler
                0x200003b2                ACMP3_DriverIRQHandler
                0x200003b2                DMA6_DMA22_DriverIRQHandler
                0x200003b2                CSU_DriverIRQHandler
                0x200003b2                GPIO1_INT5_DriverIRQHandler
                0x200003b2                TMR3_DriverIRQHandler
                0x200003b2                TMR2_DriverIRQHandler
                0x200003b2                CTI1_ERROR_DriverIRQHandler
                0x200003b2                GPIO1_Combined_0_15_DriverIRQHandler
                0x200003b2                PWM4_2_DriverIRQHandler
                0x200003b2                Reserved87_DriverIRQHandler
                0x200003b2                SAI2_DriverIRQHandler
                0x200003b2                CORE_DriverIRQHandler
                0x200003b2                TSC_DIG_DriverIRQHandler
                0x200003b2                DMA11_DMA27_DriverIRQHandler
                0x200003b2                CSI_DriverIRQHandler
                0x200003b2                PWM2_3_DriverIRQHandler
                0x200003b2                XBAR1_IRQ_2_3_DriverIRQHandler
                0x200003b2                SNVS_HP_WRAPPER_TZ_DriverIRQHandler
                0x200003b2                GPIO3_Combined_16_31_DriverIRQHandler
                0x200003b2                PWM1_FAULT_DriverIRQHandler
                0x200003b2                LPI2C1_DriverIRQHandler
                0x200003b2                ENET2_1588_Timer_DriverIRQHandler
                0x200003b2                PWM2_2_DriverIRQHandler
                0x200003b2                DMA4_DMA20_DriverIRQHandler
                0x200003b2                DMA9_DMA25_DriverIRQHandler
                0x200003b2                SNVS_HP_WRAPPER_DriverIRQHandler
                0x200003b2                XBAR1_IRQ_0_1_DriverIRQHandler
                0x200003b2                ADC_ETC_IRQ1_DriverIRQHandler
                0x200003b2                LPSPI1_DriverIRQHandler
                0x200003b2                DMA3_DMA19_DriverIRQHandler
                0x200003b2                GPIO1_INT3_DriverIRQHandler
                0x200003b2                DCP_VMI_DriverIRQHandler
                0x200003b2                LPI2C4_DriverIRQHandler
                0x200003b2                GPC_DriverIRQHandler
                0x200003b2                GPIO2_Combined_0_15_DriverIRQHandler
                0x200003b2                PWM1_2_DriverIRQHandler
                0x200003b2                USB_OTG1_DriverIRQHandler
                0x200003b2                TEMP_LOW_HIGH_DriverIRQHandler
                0x200003b2                SAI3_TX_DriverIRQHandler
                0x200003b2                FLEXIO3_DriverIRQHandler
                0x200003b2                WDOG2_DriverIRQHandler
                0x200003b2                Reserved68_DriverIRQHandler
                0x200003b2                PWM3_0_DriverIRQHandler
                0x200003b2                GPIO4_Combined_0_15_DriverIRQHandler
                0x200003b2                GPIO4_Combined_16_31_DriverIRQHandler
                0x200003b2                GPIO6_7_8_9_DriverIRQHandler
                0x200003b2                GPIO5_Combined_16_31_DriverIRQHandler
                0x200003b2                DMA5_DMA21_DriverIRQHandler
                0x200003b2                CCM_1_DriverIRQHandler
                0x200003b2                ADC2_DriverIRQHandler
                0x200003b2                Reserved115_DriverIRQHandler
                0x200003b2                TEMP_PANIC_DriverIRQHandler
                0x200003b2                ACMP4_DriverIRQHandler
                0x200003b2                DMA15_DMA31_DriverIRQHandler
                0x200003b2                LPSPI3_DriverIRQHandler
                0x200003b2                PWM1_3_DriverIRQHandler
                0x200003b2                ACMP1_DriverIRQHandler
                0x200003b2                LPI2C2_DriverIRQHandler
                0x200003b2                Reserved86_DriverIRQHandler
                0x200003b2                DMA_ERROR_DriverIRQHandler
                0x200003b2                ADC_ETC_IRQ0_DriverIRQHandler
                0x200003b2                CAN1_DriverIRQHandler
                0x200003b2                GPIO1_INT6_DriverIRQHandler
                0x200003b2                GPIO1_INT1_DriverIRQHandler
                0x200003b2                PWM2_0_DriverIRQHandler
                0x200003b2                SNVS_LP_WRAPPER_DriverIRQHandler
                0x200003b2                USB_OTG2_DriverIRQHandler
 *(SORT_BY_ALIGNMENT(.text*))
 .text.__assertion_failed
                0x200003b4       0x14 ./utilities/fsl_assert.o
                0x200003b4                __assertion_failed
 .text.DbgConsole_Init
                0x200003c8       0x58 ./utilities/fsl_debug_console.o
                0x200003c8                DbgConsole_Init
 .text.DbgConsole_Printf
                0x20000420       0x30 ./utilities/fsl_debug_console.o
                0x20000420                DbgConsole_Printf
 .text.DbgConsole_Putchar
                0x20000450       0x28 ./utilities/fsl_debug_console.o
                0x20000450                DbgConsole_Putchar
 .text.insert_free_block
                0x20000478       0x44 ./source/TencentOS_Tiny/kernel/core/tos_mmheap.o
 .text.remove_free_block
                0x200004bc       0x60 ./source/TencentOS_Tiny/kernel/core/tos_mmheap.o
 .text.mmheap_pool_is_full
                0x2000051c       0x14 ./source/TencentOS_Tiny/kernel/core/tos_mmheap.o
 .text.mmheap_pool_is_exist
                0x20000530       0x28 ./source/TencentOS_Tiny/kernel/core/tos_mmheap.o
 .text.mmheap_pool_record
                0x20000558       0x14 ./source/TencentOS_Tiny/kernel/core/tos_mmheap.o
 .text.mmheap_ctl_init
                0x2000056c       0x5c ./source/TencentOS_Tiny/kernel/core/tos_mmheap.o
 .text.tos_mmheap_pool_add
                0x200005c8       0x94 ./source/TencentOS_Tiny/kernel/core/tos_mmheap.o
                0x200005c8                tos_mmheap_pool_add
 .text.readyqueue_prio_highest_get
                0x2000065c       0x24 ./source/TencentOS_Tiny/kernel/core/tos_sched.o
 .text.readyqueue_prio_insert
                0x20000680       0x24 ./source/TencentOS_Tiny/kernel/core/tos_sched.o
 .text.readyqueue_prio_remove
                0x200006a4       0x24 ./source/TencentOS_Tiny/kernel/core/tos_sched.o
 .text.readyqueue_prio_mark
                0x200006c8       0x20 ./source/TencentOS_Tiny/kernel/core/tos_sched.o
 .text.readyqueue_highest_ready_task_get
                0x200006e8       0x14 ./source/TencentOS_Tiny/kernel/core/tos_sched.o
                0x200006e8                readyqueue_highest_ready_task_get
 .text.readyqueue_init
                0x200006fc       0x3c ./source/TencentOS_Tiny/kernel/core/tos_sched.o
                0x200006fc                readyqueue_init
 .text.readyqueue_add_head
                0x20000738       0x30 ./source/TencentOS_Tiny/kernel/core/tos_sched.o
                0x20000738                readyqueue_add_head
 .text.readyqueue_add_tail
                0x20000768       0x30 ./source/TencentOS_Tiny/kernel/core/tos_sched.o
                0x20000768                readyqueue_add_tail
 .text.readyqueue_add
                0x20000798       0x24 ./source/TencentOS_Tiny/kernel/core/tos_sched.o
                0x20000798                readyqueue_add
 .text.readyqueue_remove
                0x200007bc       0x48 ./source/TencentOS_Tiny/kernel/core/tos_sched.o
                0x200007bc                readyqueue_remove
 .text.tos_knl_init
                0x20000804       0x34 ./source/TencentOS_Tiny/kernel/core/tos_sys.o
                0x20000804                tos_knl_init
 .text.tos_knl_irq_enter
                0x20000838       0x1c ./source/TencentOS_Tiny/kernel/core/tos_sys.o
                0x20000838                tos_knl_irq_enter
 .text.tos_knl_irq_leave
                0x20000854       0x6c ./source/TencentOS_Tiny/kernel/core/tos_sys.o
                0x20000854                tos_knl_irq_leave
 .text.tos_knl_sched_lock
                0x200008c0       0x40 ./source/TencentOS_Tiny/kernel/core/tos_sys.o
                0x200008c0                tos_knl_sched_lock
 .text.tos_knl_sched_unlock
                0x20000900       0x44 ./source/TencentOS_Tiny/kernel/core/tos_sys.o
                0x20000900                tos_knl_sched_unlock
 .text.tos_knl_start
                0x20000944       0x34 ./source/TencentOS_Tiny/kernel/core/tos_sys.o
                0x20000944                tos_knl_start
 .text.tos_knl_is_running
                0x20000978       0x14 ./source/TencentOS_Tiny/kernel/core/tos_sys.o
                0x20000978                tos_knl_is_running
 .text.knl_sched
                0x2000098c       0x44 ./source/TencentOS_Tiny/kernel/core/tos_sys.o
                0x2000098c                knl_sched
 .text.knl_is_sched_locked
                0x200009d0       0x10 ./source/TencentOS_Tiny/kernel/core/tos_sys.o
                0x200009d0                knl_is_sched_locked
 .text.knl_is_inirq
                0x200009e0       0x10 ./source/TencentOS_Tiny/kernel/core/tos_sys.o
                0x200009e0                knl_is_inirq
 .text.knl_is_idle
                0x200009f0       0x10 ./source/TencentOS_Tiny/kernel/core/tos_sys.o
                0x200009f0                knl_is_idle
 .text.knl_is_self
                0x20000a00       0x14 ./source/TencentOS_Tiny/kernel/core/tos_sys.o
                0x20000a00                knl_is_self
 .text.knl_idle_init
                0x20000a14       0x3c ./source/TencentOS_Tiny/kernel/core/tos_sys.o
                0x20000a14                knl_idle_init
 .text.tos_task_create
                0x20000a50      0x108 ./source/TencentOS_Tiny/kernel/core/tos_task.o
                0x20000a50                tos_task_create
 .text.task_free_all
                0x20000b58       0x3c ./source/TencentOS_Tiny/kernel/core/tos_task.o
                0x20000b58                task_free_all
 .text.task_destroy_dyn
                0x20000b94       0x40 ./source/TencentOS_Tiny/kernel/core/tos_task.o
 .text.tos_task_destroy
                0x20000bd4       0x60 ./source/TencentOS_Tiny/kernel/core/tos_task.o
                0x20000bd4                tos_task_destroy
 .text.tos_task_yield
                0x20000c34       0x30 ./source/TencentOS_Tiny/kernel/core/tos_task.o
                0x20000c34                tos_task_yield
 .text.tos_task_delay
                0x20000c64       0x64 ./source/TencentOS_Tiny/kernel/core/tos_task.o
                0x20000c64                tos_task_delay
 .text.tick_task_place
                0x20000cc8       0xa0 ./source/TencentOS_Tiny/kernel/core/tos_tick.o
 .text.tick_task_takeoff
                0x20000d68       0x6c ./source/TencentOS_Tiny/kernel/core/tos_tick.o
 .text.tick_update
                0x20000dd4       0x9c ./source/TencentOS_Tiny/kernel/core/tos_tick.o
                0x20000dd4                tick_update
 .text.timer_place
                0x20000e70       0x74 ./source/TencentOS_Tiny/kernel/core/tos_timer.o
 .text.timer_takeoff
                0x20000ee4       0x54 ./source/TencentOS_Tiny/kernel/core/tos_timer.o
 .text.timer_update
                0x20000f38       0x84 ./source/TencentOS_Tiny/kernel/core/tos_timer.o
                0x20000f38                timer_update
 .text.__NVIC_SetPriority
                0x20000fbc       0x54 ./source/TencentOS_Tiny/arch/arm/arm-v7m/cortex-m7/gcc/port_c.o
 .text          0x20001010       0xe0 ./source/TencentOS_Tiny/arch/arm/arm-v7m/cortex-m7/gcc/port_s.o
                0x20001010                port_int_disable
                0x20001014                port_int_enable
                0x20001018                port_cpsr_save
                0x20001020                port_cpsr_restore
                0x20001026                port_clz
                0x2000102c                port_sched_start
                0x2000108c                port_context_switch
                0x20001096                port_irq_context_switch
                0x200010a0                PendSV_Handler
 .text.cpu_init
                0x200010f0       0x28 ./source/TencentOS_Tiny/arch/arm/arm-v7m/common/tos_cpu.o
                0x200010f0                cpu_init
 .text.task1_entry
                0x20001118      0x1c4 ./source/sdcard_fatfs.o
                0x20001118                task1_entry
 .text.task2_entry
                0x200012dc       0x18 ./source/sdcard_fatfs.o
                0x200012dc                task2_entry
 .text.main     0x200012f4       0x88 ./source/sdcard_fatfs.o
                0x200012f4                main
 .text.sdcardWaitCardInsert
                0x2000137c       0x64 ./source/sdcard_fatfs.o
 .text.SD_SendApplicationCmd
                0x200013e0       0x18 ./sdmmc/src/fsl_sd.o
 .text.SD_GoIdle
                0x200013f8       0x18 ./sdmmc/src/fsl_sd.o
 .text.SD_SetBlockSize
                0x20001410       0x18 ./sdmmc/src/fsl_sd.o
 .text.SD_ExecuteTuning
                0x20001428       0x24 ./sdmmc/src/fsl_sd.o
 .text.SD_SwitchVoltage
                0x2000144c       0xb8 ./sdmmc/src/fsl_sd.o
 .text.SD_StopTransmission
                0x20001504       0x50 ./sdmmc/src/fsl_sd.o
 .text.SD_Transfer
                0x20001554       0x7c ./sdmmc/src/fsl_sd.o
 .text.SD_SendCardStatus
                0x200015d0       0x70 ./sdmmc/src/fsl_sd.o
 .text.SD_PollingCardStatusBusy
                0x20001640       0x48 ./sdmmc/src/fsl_sd.o
                0x20001640                SD_PollingCardStatusBusy
 .text.SD_SendWriteSuccessBlocks
                0x20001688       0xb0 ./sdmmc/src/fsl_sd.o
 .text.SD_SendRca
                0x20001738       0x44 ./sdmmc/src/fsl_sd.o
 .text.SD_SwitchFunction
                0x2000177c       0x98 ./sdmmc/src/fsl_sd.o
 .text.SD_DecodeScr
                0x20001814       0xe0 ./sdmmc/src/fsl_sd.o
 .text.SD_SendScr
                0x200018f4       0xa0 ./sdmmc/src/fsl_sd.o
 .text.SD_SelectFunction
                0x20001994      0x11c ./sdmmc/src/fsl_sd.o
 .text.SD_SetDataBusWidth
                0x20001ab0       0x64 ./sdmmc/src/fsl_sd.o
 .text.SD_DecodeCsd
                0x20001b14      0x214 ./sdmmc/src/fsl_sd.o
 .text.SD_SendCsd
                0x20001d28       0x64 ./sdmmc/src/fsl_sd.o
 .text.SD_DecodeCid
                0x20001d8c       0x6c ./sdmmc/src/fsl_sd.o
 .text.SD_AllSendCid
                0x20001df8       0x5c ./sdmmc/src/fsl_sd.o
 .text.SD_ApplicationSendOperationCondition
                0x20001e54       0x98 ./sdmmc/src/fsl_sd.o
 .text.SD_SendInterfaceCondition
                0x20001eec       0x60 ./sdmmc/src/fsl_sd.o
 .text.SD_SelectBusTiming
                0x20001f4c      0x1b4 ./sdmmc/src/fsl_sd.o
 .text.SD_DecodeStatus
                0x20002100       0x88 ./sdmmc/src/fsl_sd.o
 .text.SD_ReadStatus
                0x20002188       0xc4 ./sdmmc/src/fsl_sd.o
                0x20002188                SD_ReadStatus
 .text.SD_SelectCard
                0x2000224c       0x1c ./sdmmc/src/fsl_sd.o
                0x2000224c                SD_SelectCard
 .text.SD_Read  0x20002268       0xfc ./sdmmc/src/fsl_sd.o
 .text.SD_Write
                0x20002364      0x10c ./sdmmc/src/fsl_sd.o
 .text.SD_ReadBlocks
                0x20002470       0xfc ./sdmmc/src/fsl_sd.o
                0x20002470                SD_ReadBlocks
 .text.SD_WriteBlocks
                0x2000256c       0xf0 ./sdmmc/src/fsl_sd.o
                0x2000256c                SD_WriteBlocks
 .text.SD_ProbeBusVoltage
                0x2000265c       0xf0 ./sdmmc/src/fsl_sd.o
 .text.sdcard_init
                0x2000274c       0xe8 ./sdmmc/src/fsl_sd.o
 .text.SD_CardInit
                0x20002834       0x40 ./sdmmc/src/fsl_sd.o
                0x20002834                SD_CardInit
 .text.SD_CardDeinit
                0x20002874       0x3c ./sdmmc/src/fsl_sd.o
                0x20002874                SD_CardDeinit
 .text.SD_HostInit
                0x200028b0       0x50 ./sdmmc/src/fsl_sd.o
                0x200028b0                SD_HostInit
 .text.SD_HostDeinit
                0x20002900       0x20 ./sdmmc/src/fsl_sd.o
                0x20002900                SD_HostDeinit
 .text.SD_SetCardPower
                0x20002920       0x3c ./sdmmc/src/fsl_sd.o
                0x20002920                SD_SetCardPower
 .text.SD_PollingCardInsert
                0x2000295c       0x78 ./sdmmc/src/fsl_sd.o
                0x2000295c                SD_PollingCardInsert
 .text.SD_Init  0x200029d4       0x48 ./sdmmc/src/fsl_sd.o
                0x200029d4                SD_Init
 .text.SDMMC_SelectCard
                0x20002a1c       0x54 ./sdmmc/src/fsl_sdmmc_common.o
                0x20002a1c                SDMMC_SelectCard
 .text.SDMMC_SendApplicationCommand
                0x20002a70       0x5c ./sdmmc/src/fsl_sdmmc_common.o
                0x20002a70                SDMMC_SendApplicationCommand
 .text.SDMMC_SetBlockSize
                0x20002acc       0x4c ./sdmmc/src/fsl_sdmmc_common.o
                0x20002acc                SDMMC_SetBlockSize
 .text.SDMMC_OSAEventCreate
                0x20002b18       0x1c ./sdmmc/osa/fsl_sdmmc_osa.o
                0x20002b18                SDMMC_OSAEventCreate
 .text.SDMMC_OSAEventWait
                0x20002b34       0x44 ./sdmmc/osa/fsl_sdmmc_osa.o
                0x20002b34                SDMMC_OSAEventWait
 .text.SDMMC_OSAEventSet
                0x20002b78       0x34 ./sdmmc/osa/fsl_sdmmc_osa.o
                0x20002b78                SDMMC_OSAEventSet
 .text.SDMMC_OSAEventGet
                0x20002bac       0x24 ./sdmmc/osa/fsl_sdmmc_osa.o
                0x20002bac                SDMMC_OSAEventGet
 .text.SDMMC_OSAEventClear
                0x20002bd0       0x30 ./sdmmc/osa/fsl_sdmmc_osa.o
                0x20002bd0                SDMMC_OSAEventClear
 .text.SDMMC_OSAEventDestroy
                0x20002c00       0x18 ./sdmmc/osa/fsl_sdmmc_osa.o
                0x20002c00                SDMMC_OSAEventDestroy
 .text.SDMMC_OSAMutexCreate
                0x20002c18       0x18 ./sdmmc/osa/fsl_sdmmc_osa.o
                0x20002c18                SDMMC_OSAMutexCreate
 .text.SDMMC_OSAMutexLock
                0x20002c30       0x18 ./sdmmc/osa/fsl_sdmmc_osa.o
                0x20002c30                SDMMC_OSAMutexLock
 .text.SDMMC_OSAMutexUnlock
                0x20002c48       0x18 ./sdmmc/osa/fsl_sdmmc_osa.o
                0x20002c48                SDMMC_OSAMutexUnlock
 .text.SDMMC_OSAMutexDestroy
                0x20002c60       0x18 ./sdmmc/osa/fsl_sdmmc_osa.o
                0x20002c60                SDMMC_OSAMutexDestroy
 .text.SDMMC_OSADelay
                0x20002c78       0x18 ./sdmmc/osa/fsl_sdmmc_osa.o
                0x20002c78                SDMMC_OSADelay
 .text.SDMMC_OSADelayUs
                0x20002c90       0x14 ./sdmmc/osa/fsl_sdmmc_osa.o
                0x20002c90                SDMMC_OSADelayUs
 .text.SDMMCHOST_CardDetectInit
                0x20002ca4       0x80 ./sdmmc/host/fsl_sdmmc_host.o
                0x20002ca4                SDMMCHOST_CardDetectInit
 .text.SDMMCHOST_PollingCardDetectStatus
                0x20002d24       0xd4 ./sdmmc/host/fsl_sdmmc_host.o
                0x20002d24                SDMMCHOST_PollingCardDetectStatus
 .text.SDMMCHOST_Init
                0x20002df8       0xcc ./sdmmc/host/fsl_sdmmc_host.o
                0x20002df8                SDMMCHOST_Init
 .text.SDMMCHOST_Reset
                0x20002ec4       0x5c ./sdmmc/host/fsl_sdmmc_host.o
                0x20002ec4                SDMMCHOST_Reset
 .text.sd_disk_write
                0x20002f20       0x1c ./fatfs/source/fsl_sd_disk/fsl_sd_disk.o
                0x20002f20                sd_disk_write
 .text.sd_disk_read
                0x20002f3c       0x1c ./fatfs/source/fsl_sd_disk/fsl_sd_disk.o
                0x20002f3c                sd_disk_read
 .text.sd_disk_ioctl
                0x20002f58       0x58 ./fatfs/source/fsl_sd_disk/fsl_sd_disk.o
                0x20002f58                sd_disk_ioctl
 .text.sd_disk_initialize
                0x20002fb0       0x4c ./fatfs/source/fsl_sd_disk/fsl_sd_disk.o
                0x20002fb0                sd_disk_initialize
 .text.sync_fs  0x20002ffc       0xdc ./fatfs/source/ff.o
 .text.create_name
                0x200030d8      0x200 ./fatfs/source/ff.o
 .text.get_ldnumber
                0x200032d8       0x90 ./fatfs/source/ff.o
 .text.check_fs
                0x20003368      0x118 ./fatfs/source/ff.o
 .text.mount_volume
                0x20003480      0x404 ./fatfs/source/ff.o
 .text.f_mount  0x20003884       0x80 ./fatfs/source/ff.o
                0x20003884                f_mount
 .text.f_open   0x20003904      0x314 ./fatfs/source/ff.o
                0x20003904                f_open
 .text.f_sync   0x20003c18      0x100 ./fatfs/source/ff.o
                0x20003c18                f_sync
 .text.f_chdrive
                0x20003d18       0x34 ./fatfs/source/ff.o
                0x20003d18                f_chdrive
 .text.f_mkdir  0x20003d4c      0x1b8 ./fatfs/source/ff.o
                0x20003d4c                f_mkdir
 .text.create_partition
                0x20003f04      0x248 ./fatfs/source/ff.o
 .text.f_mkfs   0x2000414c      0x878 ./fatfs/source/ff.o
                0x2000414c                f_mkfs
 .text.L1CACHE_InvalidateDCacheByRange
                0x200049c4       0x2c ./drivers/fsl_cache.o
 .text.L1CACHE_CleanDCacheByRange
                0x200049f0       0x2c ./drivers/fsl_cache.o
 .text.L1CACHE_CleanInvalidateDCacheByRange
                0x20004a1c       0x2c ./drivers/fsl_cache.o
 .text.CLOCK_GetOscFreq
                0x20004a48       0x24 ./drivers/fsl_clock.o
 .text.CLOCK_InitExternalClk
                0x20004a6c       0x4c ./drivers/fsl_clock.o
                0x20004a6c                CLOCK_InitExternalClk
 .text.CLOCK_SwitchOsc
                0x20004ab8       0x1c ./drivers/fsl_clock.o
                0x20004ab8                CLOCK_SwitchOsc
 .text.CLOCK_InitRcOsc24M
                0x20004ad4       0x14 ./drivers/fsl_clock.o
                0x20004ad4                CLOCK_InitRcOsc24M
 .text.CLOCK_InitArmPll
                0x20004ae8       0x48 ./drivers/fsl_clock.o
                0x20004ae8                CLOCK_InitArmPll
 .text.CLOCK_InitSysPll
                0x20004b30       0x6c ./drivers/fsl_clock.o
                0x20004b30                CLOCK_InitSysPll
 .text.CLOCK_DeinitUsb2Pll
                0x20004b9c        0xc ./drivers/fsl_clock.o
                0x20004b9c                CLOCK_DeinitUsb2Pll
 .text.CLOCK_DeinitAudioPll
                0x20004ba8       0x10 ./drivers/fsl_clock.o
                0x20004ba8                CLOCK_DeinitAudioPll
 .text.CLOCK_DeinitEnetPll
                0x20004bb8       0x10 ./drivers/fsl_clock.o
                0x20004bb8                CLOCK_DeinitEnetPll
 .text.CLOCK_GetPllFreq
                0x20004bc8      0x280 ./drivers/fsl_clock.o
                0x20004bc8                CLOCK_GetPllFreq
 .text.CLOCK_InitSysPfd
                0x20004e48       0x34 ./drivers/fsl_clock.o
                0x20004e48                CLOCK_InitSysPfd
 .text.SDK_DelayAtLeastUs
                0x20004e7c       0x38 ./drivers/fsl_common_arm.o
                0x20004e7c                SDK_DelayAtLeastUs
 .text.CLOCK_ControlGate
                0x20004eb4       0x34 ./drivers/fsl_gpio.o
 .text.GPIO_GetInstance
                0x20004ee8       0x2c ./drivers/fsl_gpio.o
 .text.GPIO_PinInit
                0x20004f14       0x5c ./drivers/fsl_gpio.o
                0x20004f14                GPIO_PinInit
 .text.GPIO_PinWrite
                0x20004f70       0x2c ./drivers/fsl_gpio.o
                0x20004f70                GPIO_PinWrite
 .text.CLOCK_ControlGate
                0x20004f9c       0x34 ./drivers/fsl_lpuart.o
 .text.LPUART_GetInstance
                0x20004fd0       0x2c ./drivers/fsl_lpuart.o
                0x20004fd0                LPUART_GetInstance
 .text.LPUART_Init
                0x20004ffc      0x1e8 ./drivers/fsl_lpuart.o
                0x20004ffc                LPUART_Init
 .text.LPUART_GetDefaultConfig
                0x200051e4       0x40 ./drivers/fsl_lpuart.o
                0x200051e4                LPUART_GetDefaultConfig
 .text.LPUART_GetStatusFlags
                0x20005224       0x18 ./drivers/fsl_lpuart.o
                0x20005224                LPUART_GetStatusFlags
 .text.LPUART_ClearStatusFlags
                0x2000523c       0x3c ./drivers/fsl_lpuart.o
                0x2000523c                LPUART_ClearStatusFlags
 .text.LPUART_WriteBlocking
                0x20005278       0x30 ./drivers/fsl_lpuart.o
                0x20005278                LPUART_WriteBlocking
 .text.LPUART_ReadBlocking
                0x200052a8       0xf0 ./drivers/fsl_lpuart.o
                0x200052a8                LPUART_ReadBlocking
 .text.LPUART1_DriverIRQHandler
                0x20005398       0x20 ./drivers/fsl_lpuart.o
                0x20005398                LPUART1_DriverIRQHandler
 .text.LPUART2_DriverIRQHandler
                0x200053b8       0x20 ./drivers/fsl_lpuart.o
                0x200053b8                LPUART2_DriverIRQHandler
 .text.LPUART3_DriverIRQHandler
                0x200053d8       0x20 ./drivers/fsl_lpuart.o
                0x200053d8                LPUART3_DriverIRQHandler
 .text.LPUART4_DriverIRQHandler
                0x200053f8       0x20 ./drivers/fsl_lpuart.o
                0x200053f8                LPUART4_DriverIRQHandler
 .text.LPUART5_DriverIRQHandler
                0x20005418       0x20 ./drivers/fsl_lpuart.o
                0x20005418                LPUART5_DriverIRQHandler
 .text.LPUART6_DriverIRQHandler
                0x20005438       0x20 ./drivers/fsl_lpuart.o
                0x20005438                LPUART6_DriverIRQHandler
 .text.LPUART7_DriverIRQHandler
                0x20005458       0x20 ./drivers/fsl_lpuart.o
                0x20005458                LPUART7_DriverIRQHandler
 .text.LPUART8_DriverIRQHandler
                0x20005478       0x20 ./drivers/fsl_lpuart.o
                0x20005478                LPUART8_DriverIRQHandler
 .text.__NVIC_EnableIRQ
                0x20005498       0x3c ./drivers/fsl_usdhc.o
 .text.CLOCK_ControlGate
                0x200054d4       0x34 ./drivers/fsl_usdhc.o
 .text.USDHC_GetInstance
                0x20005508       0x30 ./drivers/fsl_usdhc.o
 .text.USDHC_ReceiveCommandResponse
                0x20005538       0x6c ./drivers/fsl_usdhc.o
 .text.USDHC_SendCommand
                0x200055a4       0xa0 ./drivers/fsl_usdhc.o
                0x200055a4                USDHC_SendCommand
 .text.USDHC_Init
                0x20005644       0xcc ./drivers/fsl_usdhc.o
                0x20005644                USDHC_Init
 .text.USDHC_Deinit
                0x20005710       0x18 ./drivers/fsl_usdhc.o
                0x20005710                USDHC_Deinit
 .text.USDHC_SetSdClock
                0x20005728       0xf0 ./drivers/fsl_usdhc.o
                0x20005728                USDHC_SetSdClock
 .text.USDHC_SetADMA1Descriptor
                0x20005818       0xcc ./drivers/fsl_usdhc.o
                0x20005818                USDHC_SetADMA1Descriptor
 .text.USDHC_SetADMA2Descriptor
                0x200058e4      0x120 ./drivers/fsl_usdhc.o
                0x200058e4                USDHC_SetADMA2Descriptor
 .text.USDHC_SetInternalDmaConfig
                0x20005a04       0x8c ./drivers/fsl_usdhc.o
                0x20005a04                USDHC_SetInternalDmaConfig
 .text.USDHC_SetAdmaTableConfig
                0x20005a90       0xa8 ./drivers/fsl_usdhc.o
                0x20005a90                USDHC_SetAdmaTableConfig
 .text.USDHC_TransferNonBlocking
                0x20005b38      0x1d8 ./drivers/fsl_usdhc.o
                0x20005b38                USDHC_TransferNonBlocking
 .text.USDHC_SetTuningDelay
                0x20005d10       0x5c ./drivers/fsl_usdhc.o
                0x20005d10                USDHC_SetTuningDelay
 .text.USDHC_EnableStandardTuning
                0x20005d6c       0x50 ./drivers/fsl_usdhc.o
                0x20005d6c                USDHC_EnableStandardTuning
 .text.USDHC_TransferHandleCommand
                0x20005dbc       0x68 ./drivers/fsl_usdhc.o
 .text.USDHC_TransferHandleData
                0x20005e24       0xe0 ./drivers/fsl_usdhc.o
 .text.USDHC_TransferHandleReTuning
                0x20005f04       0x1c ./drivers/fsl_usdhc.o
 .text.USDHC_TransferCreateHandle
                0x20005f20       0x80 ./drivers/fsl_usdhc.o
                0x20005f20                USDHC_TransferCreateHandle
 .text.USDHC_TransferHandleIRQ
                0x20005fa0       0x98 ./drivers/fsl_usdhc.o
                0x20005fa0                USDHC_TransferHandleIRQ
 .text.USDHC1_DriverIRQHandler
                0x20006038       0x20 ./drivers/fsl_usdhc.o
                0x20006038                USDHC1_DriverIRQHandler
 .text.USDHC2_DriverIRQHandler
                0x20006058       0x20 ./drivers/fsl_usdhc.o
                0x20006058                USDHC2_DriverIRQHandler
 .text.SystemInit
                0x20006078      0x168 ./device/system_MIMXRT1062.o
                0x20006078                SystemInit
 .text.HAL_UartInitCommon
                0x200061e0       0x78 ./component/uart/fsl_adapter_lpuart.o
 .text.HAL_UartInit
                0x20006258       0x50 ./component/uart/fsl_adapter_lpuart.o
                0x20006258                HAL_UartInit
 .text.HAL_UartReceiveBlocking
                0x200062a8       0x3c ./component/uart/fsl_adapter_lpuart.o
                0x200062a8                HAL_UartReceiveBlocking
 .text.HAL_UartSendBlocking
                0x200062e4       0x3c ./component/uart/fsl_adapter_lpuart.o
                0x200062e4                HAL_UartSendBlocking
 .text.OSA_SemaphoreCreate
                0x20006320       0x1c ./component/osa/fsl_os_abstraction_bm.o
                0x20006320                OSA_SemaphoreCreate
 .text.OSA_SemaphoreDestroy
                0x2000633c       0x1c ./component/osa/fsl_os_abstraction_bm.o
                0x2000633c                OSA_SemaphoreDestroy
 .text.OSA_SemaphoreWait
                0x20006358       0x44 ./component/osa/fsl_os_abstraction_bm.o
                0x20006358                OSA_SemaphoreWait
 .text.OSA_SemaphorePost
                0x2000639c       0x3c ./component/osa/fsl_os_abstraction_bm.o
                0x2000639c                OSA_SemaphorePost
 .text.OSA_MutexCreate
                0x200063d8       0x18 ./component/osa/fsl_os_abstraction_bm.o
                0x200063d8                OSA_MutexCreate
 .text.OSA_MutexUnlock
                0x200063f0       0x28 ./component/osa/fsl_os_abstraction_bm.o
                0x200063f0                OSA_MutexUnlock
 .text.OSA_MutexDestroy
                0x20006418       0x1c ./component/osa/fsl_os_abstraction_bm.o
                0x20006418                OSA_MutexDestroy
 .text.ARM_MPU_Enable
                0x20006434       0x40 ./board/board.o
 .text.ARM_MPU_Disable
                0x20006474       0x34 ./board/board.o
 .text.CLOCK_GetMux
                0x200064a8       0x1c ./board/board.o
 .text.CLOCK_GetDiv
                0x200064c4       0x1c ./board/board.o
 .text.CLOCK_GetOscFreq
                0x200064e0       0x24 ./board/board.o
 .text.BOARD_DebugConsoleSrcFreq
                0x20006504       0x4c ./board/board.o
                0x20006504                BOARD_DebugConsoleSrcFreq
 .text.BOARD_ConfigMPU
                0x20006550      0x284 ./board/board.o
                0x20006550                BOARD_ConfigMPU
 .text.CLOCK_SetMux
                0x200067d4       0x50 ./board/clock_config.o
 .text.CLOCK_SetDiv
                0x20006824       0x54 ./board/clock_config.o
 .text.CLOCK_ControlGate
                0x20006878       0x34 ./board/clock_config.o
 .text.CLOCK_SetXtalFreq
                0x200068ac        0xc ./board/clock_config.o
 .text.CLOCK_SetRtcXtalFreq
                0x200068b8        0xc ./board/clock_config.o
 .text.IOMUXC_EnableMode
                0x200068c4       0x1c ./board/clock_config.o
 .text.IOMUXC_MQSConfig
                0x200068e0       0x20 ./board/clock_config.o
 .text.BOARD_BootClockRUN
                0x20006900      0x64c ./board/clock_config.o
                0x20006900                BOARD_BootClockRUN
 .text.CLOCK_ControlGate
                0x20006f4c       0x34 ./board/pin_mux.o
 .text.BOARD_InitPins
                0x20006f80      0x214 ./board/pin_mux.o
                0x20006f80                BOARD_InitPins
 .text.__NVIC_EnableIRQ
                0x20007194       0x3c ./board/sdmmc_config.o
 .text.__NVIC_SetPriority
                0x200071d0       0x54 ./board/sdmmc_config.o
 .text.CLOCK_SetMux
                0x20007224       0x50 ./board/sdmmc_config.o
 .text.CLOCK_SetDiv
                0x20007274       0x54 ./board/sdmmc_config.o
 .text.GPIO_PinRead
                0x200072c8       0x1c ./board/sdmmc_config.o
 .text.BOARD_USDHC1ClockConfiguration
                0x200072e4       0x34 ./board/sdmmc_config.o
                0x200072e4                BOARD_USDHC1ClockConfiguration
 .text.BOARD_SDCardGetDetectStatus
                0x20007318       0x18 ./board/sdmmc_config.o
                0x20007318                BOARD_SDCardGetDetectStatus
 .text.GPIO3_Combined_0_15_IRQHandler
                0x20007330       0x34 ./board/sdmmc_config.o
                0x20007330                GPIO3_Combined_0_15_IRQHandler
 .text.BOARD_SDCardDetectInit
                0x20007364       0x78 ./board/sdmmc_config.o
                0x20007364                BOARD_SDCardDetectInit
 .text.BOARD_SDCardPowerResetInit
                0x200073dc       0x28 ./board/sdmmc_config.o
                0x200073dc                BOARD_SDCardPowerResetInit
 .text.BOARD_SDCardPowerControl
                0x20007404       0x20 ./board/sdmmc_config.o
                0x20007404                BOARD_SDCardPowerControl
 .text.BOARD_SD_Pin_Config
                0x20007424       0xd8 ./board/sdmmc_config.o
                0x20007424                BOARD_SD_Pin_Config
 .text.BOARD_SD_Config
                0x200074fc       0x84 ./board/sdmmc_config.o
                0x200074fc                BOARD_SD_Config
 .text._initio  0x20007580       0x78 d:/nxp/mcuxpressoide_11.4.1_6260/ide/plugins/com.nxp.mcuxpresso.tools.win32_11.4.0.202103011116/tools/bin/../lib/gcc/arm-none-eabi/10.2.1/../../../../arm-none-eabi/lib/thumb/v7e-m+dp/hard\libcr_c.a(initio.o)
                0x20007580                _initio
 .text._Cwritebuf
                0x200075f8       0x6c d:/nxp/mcuxpressoide_11.4.1_6260/ide/plugins/com.nxp.mcuxpresso.tools.win32_11.4.0.202103011116/tools/bin/../lib/gcc/arm-none-eabi/10.2.1/../../../../arm-none-eabi/lib/thumb/v7e-m+dp/hard\libcr_c.a(_writebuf.o)
                0x200075f8                _Cwritebuf
 .text.fflush   0x20007664       0x3c d:/nxp/mcuxpressoide_11.4.1_6260/ide/plugins/com.nxp.mcuxpresso.tools.win32_11.4.0.202103011116/tools/bin/../lib/gcc/arm-none-eabi/10.2.1/../../../../arm-none-eabi/lib/thumb/v7e-m+dp/hard\libcr_c.a(fflush.o)
                0x20007664                fflush
 .text.fseek    0x200076a0      0x100 d:/nxp/mcuxpressoide_11.4.1_6260/ide/plugins/com.nxp.mcuxpresso.tools.win32_11.4.0.202103011116/tools/bin/../lib/gcc/arm-none-eabi/10.2.1/../../../../arm-none-eabi/lib/thumb/v7e-m+dp/hard\libcr_c.a(fseek.o)
                0x200076a0                fseek
 .text.ftell    0x200077a0       0x44 d:/nxp/mcuxpressoide_11.4.1_6260/ide/plugins/com.nxp.mcuxpresso.tools.win32_11.4.0.202103011116/tools/bin/../lib/gcc/arm-none-eabi/10.2.1/../../../../arm-none-eabi/lib/thumb/v7e-m+dp/hard\libcr_c.a(ftell.o)
                0x200077a0                ftell
 .text.DbgConsole_PrintfPaddingCharacter
                0x200077e4       0x26 ./utilities/fsl_debug_console.o
 .text.DbgConsole_ConvertRadixNumToString
                0x2000780a       0x4e ./utilities/fsl_debug_console.o
 .text.DbgConsole_PrintfFormattedData
                0x20007858      0x242 ./utilities/fsl_debug_console.o
 .text.DMA0_DMA16_IRQHandler
                0x20007a9a        0x8 ./startup/startup_mimxrt1062.o
                0x20007a9a                DMA0_DMA16_IRQHandler
 .text.DMA1_DMA17_IRQHandler
                0x20007aa2        0x8 ./startup/startup_mimxrt1062.o
                0x20007aa2                DMA1_DMA17_IRQHandler
 .text.DMA2_DMA18_IRQHandler
                0x20007aaa        0x8 ./startup/startup_mimxrt1062.o
                0x20007aaa                DMA2_DMA18_IRQHandler
 .text.DMA3_DMA19_IRQHandler
                0x20007ab2        0x8 ./startup/startup_mimxrt1062.o
                0x20007ab2                DMA3_DMA19_IRQHandler
 .text.DMA4_DMA20_IRQHandler
                0x20007aba        0x8 ./startup/startup_mimxrt1062.o
                0x20007aba                DMA4_DMA20_IRQHandler
 .text.DMA5_DMA21_IRQHandler
                0x20007ac2        0x8 ./startup/startup_mimxrt1062.o
                0x20007ac2                DMA5_DMA21_IRQHandler
 .text.DMA6_DMA22_IRQHandler
                0x20007aca        0x8 ./startup/startup_mimxrt1062.o
                0x20007aca                DMA6_DMA22_IRQHandler
 .text.DMA7_DMA23_IRQHandler
                0x20007ad2        0x8 ./startup/startup_mimxrt1062.o
                0x20007ad2                DMA7_DMA23_IRQHandler
 .text.DMA8_DMA24_IRQHandler
                0x20007ada        0x8 ./startup/startup_mimxrt1062.o
                0x20007ada                DMA8_DMA24_IRQHandler
 .text.DMA9_DMA25_IRQHandler
                0x20007ae2        0x8 ./startup/startup_mimxrt1062.o
                0x20007ae2                DMA9_DMA25_IRQHandler
 .text.DMA10_DMA26_IRQHandler
                0x20007aea        0x8 ./startup/startup_mimxrt1062.o
                0x20007aea                DMA10_DMA26_IRQHandler
 .text.DMA11_DMA27_IRQHandler
                0x20007af2        0x8 ./startup/startup_mimxrt1062.o
                0x20007af2                DMA11_DMA27_IRQHandler
 .text.DMA12_DMA28_IRQHandler
                0x20007afa        0x8 ./startup/startup_mimxrt1062.o
                0x20007afa                DMA12_DMA28_IRQHandler
 .text.DMA13_DMA29_IRQHandler
                0x20007b02        0x8 ./startup/startup_mimxrt1062.o
                0x20007b02                DMA13_DMA29_IRQHandler
 .text.DMA14_DMA30_IRQHandler
                0x20007b0a        0x8 ./startup/startup_mimxrt1062.o
                0x20007b0a                DMA14_DMA30_IRQHandler
 .text.DMA15_DMA31_IRQHandler
                0x20007b12        0x8 ./startup/startup_mimxrt1062.o
                0x20007b12                DMA15_DMA31_IRQHandler
 .text.DMA_ERROR_IRQHandler
                0x20007b1a        0x8 ./startup/startup_mimxrt1062.o
                0x20007b1a                DMA_ERROR_IRQHandler
 .text.CTI0_ERROR_IRQHandler
                0x20007b22        0x8 ./startup/startup_mimxrt1062.o
                0x20007b22                CTI0_ERROR_IRQHandler
 .text.CTI1_ERROR_IRQHandler
                0x20007b2a        0x8 ./startup/startup_mimxrt1062.o
                0x20007b2a                CTI1_ERROR_IRQHandler
 .text.CORE_IRQHandler
                0x20007b32        0x8 ./startup/startup_mimxrt1062.o
                0x20007b32                CORE_IRQHandler
 .text.LPUART1_IRQHandler
                0x20007b3a        0x8 ./startup/startup_mimxrt1062.o
                0x20007b3a                LPUART1_IRQHandler
 .text.LPUART2_IRQHandler
                0x20007b42        0x8 ./startup/startup_mimxrt1062.o
                0x20007b42                LPUART2_IRQHandler
 .text.LPUART3_IRQHandler
                0x20007b4a        0x8 ./startup/startup_mimxrt1062.o
                0x20007b4a                LPUART3_IRQHandler
 .text.LPUART4_IRQHandler
                0x20007b52        0x8 ./startup/startup_mimxrt1062.o
                0x20007b52                LPUART4_IRQHandler
 .text.LPUART5_IRQHandler
                0x20007b5a        0x8 ./startup/startup_mimxrt1062.o
                0x20007b5a                LPUART5_IRQHandler
 .text.LPUART6_IRQHandler
                0x20007b62        0x8 ./startup/startup_mimxrt1062.o
                0x20007b62                LPUART6_IRQHandler
 .text.LPUART7_IRQHandler
                0x20007b6a        0x8 ./startup/startup_mimxrt1062.o
                0x20007b6a                LPUART7_IRQHandler
 .text.LPUART8_IRQHandler
                0x20007b72        0x8 ./startup/startup_mimxrt1062.o
                0x20007b72                LPUART8_IRQHandler
 .text.LPI2C1_IRQHandler
                0x20007b7a        0x8 ./startup/startup_mimxrt1062.o
                0x20007b7a                LPI2C1_IRQHandler
 .text.LPI2C2_IRQHandler
                0x20007b82        0x8 ./startup/startup_mimxrt1062.o
                0x20007b82                LPI2C2_IRQHandler
 .text.LPI2C3_IRQHandler
                0x20007b8a        0x8 ./startup/startup_mimxrt1062.o
                0x20007b8a                LPI2C3_IRQHandler
 .text.LPI2C4_IRQHandler
                0x20007b92        0x8 ./startup/startup_mimxrt1062.o
                0x20007b92                LPI2C4_IRQHandler
 .text.LPSPI1_IRQHandler
                0x20007b9a        0x8 ./startup/startup_mimxrt1062.o
                0x20007b9a                LPSPI1_IRQHandler
 .text.LPSPI2_IRQHandler
                0x20007ba2        0x8 ./startup/startup_mimxrt1062.o
                0x20007ba2                LPSPI2_IRQHandler
 .text.LPSPI3_IRQHandler
                0x20007baa        0x8 ./startup/startup_mimxrt1062.o
                0x20007baa                LPSPI3_IRQHandler
 .text.LPSPI4_IRQHandler
                0x20007bb2        0x8 ./startup/startup_mimxrt1062.o
                0x20007bb2                LPSPI4_IRQHandler
 .text.CAN1_IRQHandler
                0x20007bba        0x8 ./startup/startup_mimxrt1062.o
                0x20007bba                CAN1_IRQHandler
 .text.CAN2_IRQHandler
                0x20007bc2        0x8 ./startup/startup_mimxrt1062.o
                0x20007bc2                CAN2_IRQHandler
 .text.FLEXRAM_IRQHandler
                0x20007bca        0x8 ./startup/startup_mimxrt1062.o
                0x20007bca                FLEXRAM_IRQHandler
 .text.KPP_IRQHandler
                0x20007bd2        0x8 ./startup/startup_mimxrt1062.o
                0x20007bd2                KPP_IRQHandler
 .text.TSC_DIG_IRQHandler
                0x20007bda        0x8 ./startup/startup_mimxrt1062.o
                0x20007bda                TSC_DIG_IRQHandler
 .text.GPR_IRQ_IRQHandler
                0x20007be2        0x8 ./startup/startup_mimxrt1062.o
                0x20007be2                GPR_IRQ_IRQHandler
 .text.LCDIF_IRQHandler
                0x20007bea        0x8 ./startup/startup_mimxrt1062.o
                0x20007bea                LCDIF_IRQHandler
 .text.CSI_IRQHandler
                0x20007bf2        0x8 ./startup/startup_mimxrt1062.o
                0x20007bf2                CSI_IRQHandler
 .text.PXP_IRQHandler
                0x20007bfa        0x8 ./startup/startup_mimxrt1062.o
                0x20007bfa                PXP_IRQHandler
 .text.WDOG2_IRQHandler
                0x20007c02        0x8 ./startup/startup_mimxrt1062.o
                0x20007c02                WDOG2_IRQHandler
 .text.SNVS_HP_WRAPPER_IRQHandler
                0x20007c0a        0x8 ./startup/startup_mimxrt1062.o
                0x20007c0a                SNVS_HP_WRAPPER_IRQHandler
 .text.SNVS_HP_WRAPPER_TZ_IRQHandler
                0x20007c12        0x8 ./startup/startup_mimxrt1062.o
                0x20007c12                SNVS_HP_WRAPPER_TZ_IRQHandler
 .text.SNVS_LP_WRAPPER_IRQHandler
                0x20007c1a        0x8 ./startup/startup_mimxrt1062.o
                0x20007c1a                SNVS_LP_WRAPPER_IRQHandler
 .text.CSU_IRQHandler
                0x20007c22        0x8 ./startup/startup_mimxrt1062.o
                0x20007c22                CSU_IRQHandler
 .text.DCP_IRQHandler
                0x20007c2a        0x8 ./startup/startup_mimxrt1062.o
                0x20007c2a                DCP_IRQHandler
 .text.DCP_VMI_IRQHandler
                0x20007c32        0x8 ./startup/startup_mimxrt1062.o
                0x20007c32                DCP_VMI_IRQHandler
 .text.Reserved68_IRQHandler
                0x20007c3a        0x8 ./startup/startup_mimxrt1062.o
                0x20007c3a                Reserved68_IRQHandler
 .text.TRNG_IRQHandler
                0x20007c42        0x8 ./startup/startup_mimxrt1062.o
                0x20007c42                TRNG_IRQHandler
 .text.SJC_IRQHandler
                0x20007c4a        0x8 ./startup/startup_mimxrt1062.o
                0x20007c4a                SJC_IRQHandler
 .text.BEE_IRQHandler
                0x20007c52        0x8 ./startup/startup_mimxrt1062.o
                0x20007c52                BEE_IRQHandler
 .text.SAI1_IRQHandler
                0x20007c5a        0x8 ./startup/startup_mimxrt1062.o
                0x20007c5a                SAI1_IRQHandler
 .text.SAI2_IRQHandler
                0x20007c62        0x8 ./startup/startup_mimxrt1062.o
                0x20007c62                SAI2_IRQHandler
 .text.SAI3_RX_IRQHandler
                0x20007c6a        0x8 ./startup/startup_mimxrt1062.o
                0x20007c6a                SAI3_RX_IRQHandler
 .text.SAI3_TX_IRQHandler
                0x20007c72        0x8 ./startup/startup_mimxrt1062.o
                0x20007c72                SAI3_TX_IRQHandler
 .text.SPDIF_IRQHandler
                0x20007c7a        0x8 ./startup/startup_mimxrt1062.o
                0x20007c7a                SPDIF_IRQHandler
 .text.PMU_EVENT_IRQHandler
                0x20007c82        0x8 ./startup/startup_mimxrt1062.o
                0x20007c82                PMU_EVENT_IRQHandler
 .text.Reserved78_IRQHandler
                0x20007c8a        0x8 ./startup/startup_mimxrt1062.o
                0x20007c8a                Reserved78_IRQHandler
 .text.TEMP_LOW_HIGH_IRQHandler
                0x20007c92        0x8 ./startup/startup_mimxrt1062.o
                0x20007c92                TEMP_LOW_HIGH_IRQHandler
 .text.TEMP_PANIC_IRQHandler
                0x20007c9a        0x8 ./startup/startup_mimxrt1062.o
                0x20007c9a                TEMP_PANIC_IRQHandler
 .text.USB_PHY1_IRQHandler
                0x20007ca2        0x8 ./startup/startup_mimxrt1062.o
                0x20007ca2                USB_PHY1_IRQHandler
 .text.USB_PHY2_IRQHandler
                0x20007caa        0x8 ./startup/startup_mimxrt1062.o
                0x20007caa                USB_PHY2_IRQHandler
 .text.ADC1_IRQHandler
                0x20007cb2        0x8 ./startup/startup_mimxrt1062.o
                0x20007cb2                ADC1_IRQHandler
 .text.ADC2_IRQHandler
                0x20007cba        0x8 ./startup/startup_mimxrt1062.o
                0x20007cba                ADC2_IRQHandler
 .text.DCDC_IRQHandler
                0x20007cc2        0x8 ./startup/startup_mimxrt1062.o
                0x20007cc2                DCDC_IRQHandler
 .text.Reserved86_IRQHandler
                0x20007cca        0x8 ./startup/startup_mimxrt1062.o
                0x20007cca                Reserved86_IRQHandler
 .text.Reserved87_IRQHandler
                0x20007cd2        0x8 ./startup/startup_mimxrt1062.o
                0x20007cd2                Reserved87_IRQHandler
 .text.GPIO1_INT0_IRQHandler
                0x20007cda        0x8 ./startup/startup_mimxrt1062.o
                0x20007cda                GPIO1_INT0_IRQHandler
 .text.GPIO1_INT1_IRQHandler
                0x20007ce2        0x8 ./startup/startup_mimxrt1062.o
                0x20007ce2                GPIO1_INT1_IRQHandler
 .text.GPIO1_INT2_IRQHandler
                0x20007cea        0x8 ./startup/startup_mimxrt1062.o
                0x20007cea                GPIO1_INT2_IRQHandler
 .text.GPIO1_INT3_IRQHandler
                0x20007cf2        0x8 ./startup/startup_mimxrt1062.o
                0x20007cf2                GPIO1_INT3_IRQHandler
 .text.GPIO1_INT4_IRQHandler
                0x20007cfa        0x8 ./startup/startup_mimxrt1062.o
                0x20007cfa                GPIO1_INT4_IRQHandler
 .text.GPIO1_INT5_IRQHandler
                0x20007d02        0x8 ./startup/startup_mimxrt1062.o
                0x20007d02                GPIO1_INT5_IRQHandler
 .text.GPIO1_INT6_IRQHandler
                0x20007d0a        0x8 ./startup/startup_mimxrt1062.o
                0x20007d0a                GPIO1_INT6_IRQHandler
 .text.GPIO1_INT7_IRQHandler
                0x20007d12        0x8 ./startup/startup_mimxrt1062.o
                0x20007d12                GPIO1_INT7_IRQHandler
 .text.GPIO1_Combined_0_15_IRQHandler
                0x20007d1a        0x8 ./startup/startup_mimxrt1062.o
                0x20007d1a                GPIO1_Combined_0_15_IRQHandler
 .text.GPIO1_Combined_16_31_IRQHandler
                0x20007d22        0x8 ./startup/startup_mimxrt1062.o
                0x20007d22                GPIO1_Combined_16_31_IRQHandler
 .text.GPIO2_Combined_0_15_IRQHandler
                0x20007d2a        0x8 ./startup/startup_mimxrt1062.o
                0x20007d2a                GPIO2_Combined_0_15_IRQHandler
 .text.GPIO2_Combined_16_31_IRQHandler
                0x20007d32        0x8 ./startup/startup_mimxrt1062.o
                0x20007d32                GPIO2_Combined_16_31_IRQHandler
 .text.GPIO3_Combined_16_31_IRQHandler
                0x20007d3a        0x8 ./startup/startup_mimxrt1062.o
                0x20007d3a                GPIO3_Combined_16_31_IRQHandler
 .text.GPIO4_Combined_0_15_IRQHandler
                0x20007d42        0x8 ./startup/startup_mimxrt1062.o
                0x20007d42                GPIO4_Combined_0_15_IRQHandler
 .text.GPIO4_Combined_16_31_IRQHandler
                0x20007d4a        0x8 ./startup/startup_mimxrt1062.o
                0x20007d4a                GPIO4_Combined_16_31_IRQHandler
 .text.GPIO5_Combined_0_15_IRQHandler
                0x20007d52        0x8 ./startup/startup_mimxrt1062.o
                0x20007d52                GPIO5_Combined_0_15_IRQHandler
 .text.GPIO5_Combined_16_31_IRQHandler
                0x20007d5a        0x8 ./startup/startup_mimxrt1062.o
                0x20007d5a                GPIO5_Combined_16_31_IRQHandler
 .text.FLEXIO1_IRQHandler
                0x20007d62        0x8 ./startup/startup_mimxrt1062.o
                0x20007d62                FLEXIO1_IRQHandler
 .text.FLEXIO2_IRQHandler
                0x20007d6a        0x8 ./startup/startup_mimxrt1062.o
                0x20007d6a                FLEXIO2_IRQHandler
 .text.WDOG1_IRQHandler
                0x20007d72        0x8 ./startup/startup_mimxrt1062.o
                0x20007d72                WDOG1_IRQHandler
 .text.RTWDOG_IRQHandler
                0x20007d7a        0x8 ./startup/startup_mimxrt1062.o
                0x20007d7a                RTWDOG_IRQHandler
 .text.EWM_IRQHandler
                0x20007d82        0x8 ./startup/startup_mimxrt1062.o
                0x20007d82                EWM_IRQHandler
 .text.CCM_1_IRQHandler
                0x20007d8a        0x8 ./startup/startup_mimxrt1062.o
                0x20007d8a                CCM_1_IRQHandler
 .text.CCM_2_IRQHandler
                0x20007d92        0x8 ./startup/startup_mimxrt1062.o
                0x20007d92                CCM_2_IRQHandler
 .text.GPC_IRQHandler
                0x20007d9a        0x8 ./startup/startup_mimxrt1062.o
                0x20007d9a                GPC_IRQHandler
 .text.SRC_IRQHandler
                0x20007da2        0x8 ./startup/startup_mimxrt1062.o
                0x20007da2                SRC_IRQHandler
 .text.Reserved115_IRQHandler
                0x20007daa        0x8 ./startup/startup_mimxrt1062.o
                0x20007daa                Reserved115_IRQHandler
 .text.GPT1_IRQHandler
                0x20007db2        0x8 ./startup/startup_mimxrt1062.o
                0x20007db2                GPT1_IRQHandler
 .text.GPT2_IRQHandler
                0x20007dba        0x8 ./startup/startup_mimxrt1062.o
                0x20007dba                GPT2_IRQHandler
 .text.PWM1_0_IRQHandler
                0x20007dc2        0x8 ./startup/startup_mimxrt1062.o
                0x20007dc2                PWM1_0_IRQHandler
 .text.PWM1_1_IRQHandler
                0x20007dca        0x8 ./startup/startup_mimxrt1062.o
                0x20007dca                PWM1_1_IRQHandler
 .text.PWM1_2_IRQHandler
                0x20007dd2        0x8 ./startup/startup_mimxrt1062.o
                0x20007dd2                PWM1_2_IRQHandler
 .text.PWM1_3_IRQHandler
                0x20007dda        0x8 ./startup/startup_mimxrt1062.o
                0x20007dda                PWM1_3_IRQHandler
 .text.PWM1_FAULT_IRQHandler
                0x20007de2        0x8 ./startup/startup_mimxrt1062.o
                0x20007de2                PWM1_FAULT_IRQHandler
 .text.FLEXSPI2_IRQHandler
                0x20007dea        0x8 ./startup/startup_mimxrt1062.o
                0x20007dea                FLEXSPI2_IRQHandler
 .text.FLEXSPI_IRQHandler
                0x20007df2        0x8 ./startup/startup_mimxrt1062.o
                0x20007df2                FLEXSPI_IRQHandler
 .text.SEMC_IRQHandler
                0x20007dfa        0x8 ./startup/startup_mimxrt1062.o
                0x20007dfa                SEMC_IRQHandler
 .text.USDHC1_IRQHandler
                0x20007e02        0x8 ./startup/startup_mimxrt1062.o
                0x20007e02                USDHC1_IRQHandler
 .text.USDHC2_IRQHandler
                0x20007e0a        0x8 ./startup/startup_mimxrt1062.o
                0x20007e0a                USDHC2_IRQHandler
 .text.USB_OTG2_IRQHandler
                0x20007e12        0x8 ./startup/startup_mimxrt1062.o
                0x20007e12                USB_OTG2_IRQHandler
 .text.USB_OTG1_IRQHandler
                0x20007e1a        0x8 ./startup/startup_mimxrt1062.o
                0x20007e1a                USB_OTG1_IRQHandler
 .text.ENET_IRQHandler
                0x20007e22        0x8 ./startup/startup_mimxrt1062.o
                0x20007e22                ENET_IRQHandler
 .text.ENET_1588_Timer_IRQHandler
                0x20007e2a        0x8 ./startup/startup_mimxrt1062.o
                0x20007e2a                ENET_1588_Timer_IRQHandler
 .text.XBAR1_IRQ_0_1_IRQHandler
                0x20007e32        0x8 ./startup/startup_mimxrt1062.o
                0x20007e32                XBAR1_IRQ_0_1_IRQHandler
 .text.XBAR1_IRQ_2_3_IRQHandler
                0x20007e3a        0x8 ./startup/startup_mimxrt1062.o
                0x20007e3a                XBAR1_IRQ_2_3_IRQHandler
 .text.ADC_ETC_IRQ0_IRQHandler
                0x20007e42        0x8 ./startup/startup_mimxrt1062.o
                0x20007e42                ADC_ETC_IRQ0_IRQHandler
 .text.ADC_ETC_IRQ1_IRQHandler
                0x20007e4a        0x8 ./startup/startup_mimxrt1062.o
                0x20007e4a                ADC_ETC_IRQ1_IRQHandler
 .text.ADC_ETC_IRQ2_IRQHandler
                0x20007e52        0x8 ./startup/startup_mimxrt1062.o
                0x20007e52                ADC_ETC_IRQ2_IRQHandler
 .text.ADC_ETC_ERROR_IRQ_IRQHandler
                0x20007e5a        0x8 ./startup/startup_mimxrt1062.o
                0x20007e5a                ADC_ETC_ERROR_IRQ_IRQHandler
 .text.PIT_IRQHandler
                0x20007e62        0x8 ./startup/startup_mimxrt1062.o
                0x20007e62                PIT_IRQHandler
 .text.ACMP1_IRQHandler
                0x20007e6a        0x8 ./startup/startup_mimxrt1062.o
                0x20007e6a                ACMP1_IRQHandler
 .text.ACMP2_IRQHandler
                0x20007e72        0x8 ./startup/startup_mimxrt1062.o
                0x20007e72                ACMP2_IRQHandler
 .text.ACMP3_IRQHandler
                0x20007e7a        0x8 ./startup/startup_mimxrt1062.o
                0x20007e7a                ACMP3_IRQHandler
 .text.ACMP4_IRQHandler
                0x20007e82        0x8 ./startup/startup_mimxrt1062.o
                0x20007e82                ACMP4_IRQHandler
 .text.Reserved143_IRQHandler
                0x20007e8a        0x8 ./startup/startup_mimxrt1062.o
                0x20007e8a                Reserved143_IRQHandler
 .text.Reserved144_IRQHandler
                0x20007e92        0x8 ./startup/startup_mimxrt1062.o
                0x20007e92                Reserved144_IRQHandler
 .text.ENC1_IRQHandler
                0x20007e9a        0x8 ./startup/startup_mimxrt1062.o
                0x20007e9a                ENC1_IRQHandler
 .text.ENC2_IRQHandler
                0x20007ea2        0x8 ./startup/startup_mimxrt1062.o
                0x20007ea2                ENC2_IRQHandler
 .text.ENC3_IRQHandler
                0x20007eaa        0x8 ./startup/startup_mimxrt1062.o
                0x20007eaa                ENC3_IRQHandler
 .text.ENC4_IRQHandler
                0x20007eb2        0x8 ./startup/startup_mimxrt1062.o
                0x20007eb2                ENC4_IRQHandler
 .text.TMR1_IRQHandler
                0x20007eba        0x8 ./startup/startup_mimxrt1062.o
                0x20007eba                TMR1_IRQHandler
 .text.TMR2_IRQHandler
                0x20007ec2        0x8 ./startup/startup_mimxrt1062.o
                0x20007ec2                TMR2_IRQHandler
 .text.TMR3_IRQHandler
                0x20007eca        0x8 ./startup/startup_mimxrt1062.o
                0x20007eca                TMR3_IRQHandler
 .text.TMR4_IRQHandler
                0x20007ed2        0x8 ./startup/startup_mimxrt1062.o
                0x20007ed2                TMR4_IRQHandler
 .text.PWM2_0_IRQHandler
                0x20007eda        0x8 ./startup/startup_mimxrt1062.o
                0x20007eda                PWM2_0_IRQHandler
 .text.PWM2_1_IRQHandler
                0x20007ee2        0x8 ./startup/startup_mimxrt1062.o
                0x20007ee2                PWM2_1_IRQHandler
 .text.PWM2_2_IRQHandler
                0x20007eea        0x8 ./startup/startup_mimxrt1062.o
                0x20007eea                PWM2_2_IRQHandler
 .text.PWM2_3_IRQHandler
                0x20007ef2        0x8 ./startup/startup_mimxrt1062.o
                0x20007ef2                PWM2_3_IRQHandler
 .text.PWM2_FAULT_IRQHandler
                0x20007efa        0x8 ./startup/startup_mimxrt1062.o
                0x20007efa                PWM2_FAULT_IRQHandler
 .text.PWM3_0_IRQHandler
                0x20007f02        0x8 ./startup/startup_mimxrt1062.o
                0x20007f02                PWM3_0_IRQHandler
 .text.PWM3_1_IRQHandler
                0x20007f0a        0x8 ./startup/startup_mimxrt1062.o
                0x20007f0a                PWM3_1_IRQHandler
 .text.PWM3_2_IRQHandler
                0x20007f12        0x8 ./startup/startup_mimxrt1062.o
                0x20007f12                PWM3_2_IRQHandler
 .text.PWM3_3_IRQHandler
                0x20007f1a        0x8 ./startup/startup_mimxrt1062.o
                0x20007f1a                PWM3_3_IRQHandler
 .text.PWM3_FAULT_IRQHandler
                0x20007f22        0x8 ./startup/startup_mimxrt1062.o
                0x20007f22                PWM3_FAULT_IRQHandler
 .text.PWM4_0_IRQHandler
                0x20007f2a        0x8 ./startup/startup_mimxrt1062.o
                0x20007f2a                PWM4_0_IRQHandler
 .text.PWM4_1_IRQHandler
                0x20007f32        0x8 ./startup/startup_mimxrt1062.o
                0x20007f32                PWM4_1_IRQHandler
 .text.PWM4_2_IRQHandler
                0x20007f3a        0x8 ./startup/startup_mimxrt1062.o
                0x20007f3a                PWM4_2_IRQHandler
 .text.PWM4_3_IRQHandler
                0x20007f42        0x8 ./startup/startup_mimxrt1062.o
                0x20007f42                PWM4_3_IRQHandler
 .text.PWM4_FAULT_IRQHandler
                0x20007f4a        0x8 ./startup/startup_mimxrt1062.o
                0x20007f4a                PWM4_FAULT_IRQHandler
 .text.ENET2_IRQHandler
                0x20007f52        0x8 ./startup/startup_mimxrt1062.o
                0x20007f52                ENET2_IRQHandler
 .text.ENET2_1588_Timer_IRQHandler
                0x20007f5a        0x8 ./startup/startup_mimxrt1062.o
                0x20007f5a                ENET2_1588_Timer_IRQHandler
 .text.CAN3_IRQHandler
                0x20007f62        0x8 ./startup/startup_mimxrt1062.o
                0x20007f62                CAN3_IRQHandler
 .text.Reserved171_IRQHandler
                0x20007f6a        0x8 ./startup/startup_mimxrt1062.o
                0x20007f6a                Reserved171_IRQHandler
 .text.FLEXIO3_IRQHandler
                0x20007f72        0x8 ./startup/startup_mimxrt1062.o
                0x20007f72                FLEXIO3_IRQHandler
 .text.GPIO6_7_8_9_IRQHandler
                0x20007f7a        0x8 ./startup/startup_mimxrt1062.o
                0x20007f7a                GPIO6_7_8_9_IRQHandler
 .text.generic_fls
                0x20007f82        0xc ./source/TencentOS_Tiny/kernel/core/tos_mmheap.o
 .text.__fls    0x20007f8e        0xa ./source/TencentOS_Tiny/kernel/core/tos_mmheap.o
 .text.mapping_insert
                0x20007f98       0x2e ./source/TencentOS_Tiny/kernel/core/tos_mmheap.o
 .text.blk_size
                0x20007fc6        0x8 ./source/TencentOS_Tiny/kernel/core/tos_mmheap.o
 .text.blk_set_size
                0x20007fce        0xc ./source/TencentOS_Tiny/kernel/core/tos_mmheap.o
 .text.blk_is_free
                0x20007fda        0x8 ./source/TencentOS_Tiny/kernel/core/tos_mmheap.o
 .text.blk_set_free
                0x20007fe2        0xa ./source/TencentOS_Tiny/kernel/core/tos_mmheap.o
 .text.blk_set_used
                0x20007fec        0xa ./source/TencentOS_Tiny/kernel/core/tos_mmheap.o
 .text.blk_is_prev_free
                0x20007ff6        0x8 ./source/TencentOS_Tiny/kernel/core/tos_mmheap.o
 .text.blk_set_prev_free
                0x20007ffe        0xa ./source/TencentOS_Tiny/kernel/core/tos_mmheap.o
 .text.blk_set_prev_used
                0x20008008        0xa ./source/TencentOS_Tiny/kernel/core/tos_mmheap.o
 .text.blk_from_ptr
                0x20008012        0x4 ./source/TencentOS_Tiny/kernel/core/tos_mmheap.o
 .text.blk_to_ptr
                0x20008016        0x4 ./source/TencentOS_Tiny/kernel/core/tos_mmheap.o
 .text.offset_to_blk
                0x2000801a        0x4 ./source/TencentOS_Tiny/kernel/core/tos_mmheap.o
 .text.blk_prev
                0x2000801e        0x4 ./source/TencentOS_Tiny/kernel/core/tos_mmheap.o
 .text.blk_next
                0x20008022       0x1a ./source/TencentOS_Tiny/kernel/core/tos_mmheap.o
 .text.blk_link_next
                0x2000803c        0xc ./source/TencentOS_Tiny/kernel/core/tos_mmheap.o
 .text.blk_mark_as_free
                0x20008048       0x14 ./source/TencentOS_Tiny/kernel/core/tos_mmheap.o
 .text.align_down
                0x2000805c        0x6 ./source/TencentOS_Tiny/kernel/core/tos_mmheap.o
 .text.blk_remove
                0x20008062       0x20 ./source/TencentOS_Tiny/kernel/core/tos_mmheap.o
 .text.blk_insert
                0x20008082       0x20 ./source/TencentOS_Tiny/kernel/core/tos_mmheap.o
 .text.blk_absorb
                0x200080a2       0x1c ./source/TencentOS_Tiny/kernel/core/tos_mmheap.o
 .text.blk_merge_prev
                0x200080be       0x26 ./source/TencentOS_Tiny/kernel/core/tos_mmheap.o
 .text.blk_merge_next
                0x200080e4       0x26 ./source/TencentOS_Tiny/kernel/core/tos_mmheap.o
 .text.mmheap_init_with_pool
                0x2000810a       0x14 ./source/TencentOS_Tiny/kernel/core/tos_mmheap.o
                0x2000810a                mmheap_init_with_pool
 .text.tos_mmheap_free
                0x2000811e       0x20 ./source/TencentOS_Tiny/kernel/core/tos_mmheap.o
                0x2000811e                tos_mmheap_free
 .text._list_del
                0x2000813e        0x6 ./source/TencentOS_Tiny/kernel/core/tos_mutex.o
 .text.tos_list_del
                0x20008144        0xc ./source/TencentOS_Tiny/kernel/core/tos_mutex.o
 .text.mutex_old_owner_release
                0x20008150       0x3e ./source/TencentOS_Tiny/kernel/core/tos_mutex.o
 .text.mutex_release
                0x2000818e       0x12 ./source/TencentOS_Tiny/kernel/core/tos_mutex.o
                0x2000818e                mutex_release
 .text._list_add
                0x200081a0        0xa ./source/TencentOS_Tiny/kernel/core/tos_pend.o
 .text._list_del
                0x200081aa        0x6 ./source/TencentOS_Tiny/kernel/core/tos_pend.o
 .text.tos_list_add_tail
                0x200081b0        0xc ./source/TencentOS_Tiny/kernel/core/tos_pend.o
 .text.tos_list_del
                0x200081bc        0xc ./source/TencentOS_Tiny/kernel/core/tos_pend.o
 .text.tos_list_empty
                0x200081c8        0xc ./source/TencentOS_Tiny/kernel/core/tos_pend.o
 .text.task_state_is_sleeping
                0x200081d4        0xa ./source/TencentOS_Tiny/kernel/core/tos_pend.o
 .text.task_state_is_pending
                0x200081de        0xa ./source/TencentOS_Tiny/kernel/core/tos_pend.o
 .text.task_state_is_suspended
                0x200081e8        0xa ./source/TencentOS_Tiny/kernel/core/tos_pend.o
 .text.task_state_reset_pending
                0x200081f2        0xe ./source/TencentOS_Tiny/kernel/core/tos_pend.o
 .text.task_state_set_pend
                0x20008200        0xe ./source/TencentOS_Tiny/kernel/core/tos_pend.o
 .text.pend_list_add
                0x2000820e       0x36 ./source/TencentOS_Tiny/kernel/core/tos_pend.o
 .text.pend_highest_pending_prio_get
                0x20008244       0x1e ./source/TencentOS_Tiny/kernel/core/tos_pend.o
                0x20008244                pend_highest_pending_prio_get
 .text.pend_list_remove
                0x20008262       0x16 ./source/TencentOS_Tiny/kernel/core/tos_pend.o
                0x20008262                pend_list_remove
 .text.pend_list_adjust
                0x20008278       0x14 ./source/TencentOS_Tiny/kernel/core/tos_pend.o
                0x20008278                pend_list_adjust
 .text.pend_task_wakeup
                0x2000828c       0x3a ./source/TencentOS_Tiny/kernel/core/tos_pend.o
                0x2000828c                pend_task_wakeup
 .text.pend_wakeup_all
                0x200082c6       0x28 ./source/TencentOS_Tiny/kernel/core/tos_pend.o
                0x200082c6                pend_wakeup_all
 .text._list_add
                0x200082ee        0xa ./source/TencentOS_Tiny/kernel/core/tos_sched.o
 .text._list_del
                0x200082f8        0x6 ./source/TencentOS_Tiny/kernel/core/tos_sched.o
 .text.tos_list_init
                0x200082fe        0x6 ./source/TencentOS_Tiny/kernel/core/tos_sched.o
 .text.tos_list_add
                0x20008304        0xa ./source/TencentOS_Tiny/kernel/core/tos_sched.o
 .text.tos_list_add_tail
                0x2000830e        0xc ./source/TencentOS_Tiny/kernel/core/tos_sched.o
 .text.tos_list_del
                0x2000831a        0xc ./source/TencentOS_Tiny/kernel/core/tos_sched.o
 .text.tos_list_empty
                0x20008326        0xc ./source/TencentOS_Tiny/kernel/core/tos_sched.o
 .text.knl_idle_entry
                0x20008332        0x8 ./source/TencentOS_Tiny/kernel/core/tos_sys.o
 .text._list_add
                0x2000833a        0xa ./source/TencentOS_Tiny/kernel/core/tos_task.o
 .text._list_del
                0x20008344        0x6 ./source/TencentOS_Tiny/kernel/core/tos_task.o
 .text.tos_list_init
                0x2000834a        0x6 ./source/TencentOS_Tiny/kernel/core/tos_task.o
 .text.tos_list_add
                0x20008350        0xa ./source/TencentOS_Tiny/kernel/core/tos_task.o
 .text.tos_list_del
                0x2000835a        0xc ./source/TencentOS_Tiny/kernel/core/tos_task.o
 .text.tos_list_empty
                0x20008366        0xc ./source/TencentOS_Tiny/kernel/core/tos_task.o
 .text.knl_object_verify
                0x20008372        0xc ./source/TencentOS_Tiny/kernel/core/tos_task.o
 .text.knl_object_init
                0x2000837e        0x4 ./source/TencentOS_Tiny/kernel/core/tos_task.o
 .text.knl_object_deinit
                0x20008382        0x6 ./source/TencentOS_Tiny/kernel/core/tos_task.o
 .text.knl_object_alloc_reset
                0x20008388        0x6 ./source/TencentOS_Tiny/kernel/core/tos_task.o
 .text.knl_object_alloc_set_static
                0x2000838e        0x6 ./source/TencentOS_Tiny/kernel/core/tos_task.o
 .text.knl_object_alloc_is_dynamic
                0x20008394        0xc ./source/TencentOS_Tiny/kernel/core/tos_task.o
 .text.knl_object_alloc_is_static
                0x200083a0        0xc ./source/TencentOS_Tiny/kernel/core/tos_task.o
 .text.task_state_is_ready
                0x200083ac        0xc ./source/TencentOS_Tiny/kernel/core/tos_task.o
 .text.task_state_is_sleeping
                0x200083b8        0xa ./source/TencentOS_Tiny/kernel/core/tos_task.o
 .text.task_state_is_pending
                0x200083c2        0xa ./source/TencentOS_Tiny/kernel/core/tos_task.o
 .text.task_state_set_ready
                0x200083cc        0x8 ./source/TencentOS_Tiny/kernel/core/tos_task.o
 .text.task_state_set_deleted
                0x200083d4        0x8 ./source/TencentOS_Tiny/kernel/core/tos_task.o
 .text.task_reset
                0x200083dc       0x50 ./source/TencentOS_Tiny/kernel/core/tos_task.o
 .text.task_exit
                0x2000842c        0xa ./source/TencentOS_Tiny/kernel/core/tos_task.o
 .text.task_highest_pending_prio_get
                0x20008436       0x2e ./source/TencentOS_Tiny/kernel/core/tos_task.o
 .text.task_mutex_release
                0x20008464       0x28 ./source/TencentOS_Tiny/kernel/core/tos_task.o
 .text.task_do_destroy
                0x2000848c       0x7a ./source/TencentOS_Tiny/kernel/core/tos_task.o
 .text.task_destroy_static
                0x20008506       0x1a ./source/TencentOS_Tiny/kernel/core/tos_task.o
 .text.task_free
                0x20008520       0x12 ./source/TencentOS_Tiny/kernel/core/tos_task.o
 .text.tos_task_prio_change
                0x20008532       0xcc ./source/TencentOS_Tiny/kernel/core/tos_task.o
                0x20008532                tos_task_prio_change
 .text._list_add
                0x200085fe        0xa ./source/TencentOS_Tiny/kernel/core/tos_tick.o
 .text._list_del
                0x20008608        0x6 ./source/TencentOS_Tiny/kernel/core/tos_tick.o
 .text.tos_list_add_tail
                0x2000860e        0xc ./source/TencentOS_Tiny/kernel/core/tos_tick.o
 .text.tos_list_del
                0x2000861a        0xc ./source/TencentOS_Tiny/kernel/core/tos_tick.o
 .text.tos_list_empty
                0x20008626        0xc ./source/TencentOS_Tiny/kernel/core/tos_tick.o
 .text.task_state_reset_sleeping
                0x20008632        0xe ./source/TencentOS_Tiny/kernel/core/tos_tick.o
 .text.task_state_set_sleeping
                0x20008640        0xe ./source/TencentOS_Tiny/kernel/core/tos_tick.o
 .text.tick_list_add
                0x2000864e       0x10 ./source/TencentOS_Tiny/kernel/core/tos_tick.o
                0x2000864e                tick_list_add
 .text.tick_list_remove
                0x2000865e       0x10 ./source/TencentOS_Tiny/kernel/core/tos_tick.o
                0x2000865e                tick_list_remove
 .text.tos_tick_handler
                0x2000866e       0x16 ./source/TencentOS_Tiny/kernel/core/tos_tick.o
                0x2000866e                tos_tick_handler
 .text._list_add
                0x20008684        0xa ./source/TencentOS_Tiny/kernel/core/tos_timer.o
 .text._list_del
                0x2000868e        0x6 ./source/TencentOS_Tiny/kernel/core/tos_timer.o
 .text.tos_list_add_tail
                0x20008694        0xc ./source/TencentOS_Tiny/kernel/core/tos_timer.o
 .text.tos_list_del
                0x200086a0        0xc ./source/TencentOS_Tiny/kernel/core/tos_timer.o
 .text.tos_list_empty
                0x200086ac        0xc ./source/TencentOS_Tiny/kernel/core/tos_timer.o
 .text.timer_init
                0x200086b8        0x4 ./source/TencentOS_Tiny/kernel/core/tos_timer.o
                0x200086b8                timer_init
 .text.SysTick_Config
                0x200086bc       0x28 ./source/TencentOS_Tiny/arch/arm/arm-v7m/cortex-m7/gcc/port_c.o
 .text.port_systick_config
                0x200086e4        0x8 ./source/TencentOS_Tiny/arch/arm/arm-v7m/cortex-m7/gcc/port_c.o
                0x200086e4                port_systick_config
 .text.port_systick_priority_set
                0x200086ec        0xe ./source/TencentOS_Tiny/arch/arm/arm-v7m/cortex-m7/gcc/port_c.o
                0x200086ec                port_systick_priority_set
 .text.tos_cpu_clz
                0x200086fa        0x8 ./source/TencentOS_Tiny/arch/arm/arm-v7m/common/tos_cpu.o
                0x200086fa                tos_cpu_clz
 .text.tos_cpu_cpsr_save
                0x20008702        0x8 ./source/TencentOS_Tiny/arch/arm/arm-v7m/common/tos_cpu.o
                0x20008702                tos_cpu_cpsr_save
 .text.tos_cpu_cpsr_restore
                0x2000870a        0x8 ./source/TencentOS_Tiny/arch/arm/arm-v7m/common/tos_cpu.o
                0x2000870a                tos_cpu_cpsr_restore
 .text.cpu_sched_start
                0x20008712        0x6 ./source/TencentOS_Tiny/arch/arm/arm-v7m/common/tos_cpu.o
                0x20008712                cpu_sched_start
 .text.cpu_context_switch
                0x20008718        0x8 ./source/TencentOS_Tiny/arch/arm/arm-v7m/common/tos_cpu.o
                0x20008718                cpu_context_switch
 .text.cpu_irq_context_switch
                0x20008720        0x8 ./source/TencentOS_Tiny/arch/arm/arm-v7m/common/tos_cpu.o
                0x20008720                cpu_irq_context_switch
 .text.cpu_systick_init
                0x20008728       0x12 ./source/TencentOS_Tiny/arch/arm/arm-v7m/common/tos_cpu.o
                0x20008728                cpu_systick_init
 .text.cpu_task_stk_init
                0x2000873a       0x9c ./source/TencentOS_Tiny/arch/arm/arm-v7m/common/tos_cpu.o
                0x2000873a                cpu_task_stk_init
 .text.SysTick_Handler
                0x200087d6       0x18 ./source/sdcard_fatfs.o
                0x200087d6                SysTick_Handler
 .text.HardFault_Handler
                0x200087ee       0x2c ./source/semihost_hardfault.o
                0x200087ee                HardFault_Handler
 .text.USDHC_GetPresentStatusFlags
                0x2000881a        0x4 ./sdmmc/src/fsl_sd.o
 .text.USDHC_ForceClockOn
                0x2000881e       0x1e ./sdmmc/src/fsl_sd.o
 .text.SDMMCHOST_SendCardActive
                0x2000883c        0xc ./sdmmc/src/fsl_sd.o
 .text.SDMMCHOST_SetCardClock
                0x20008848        0xe ./sdmmc/src/fsl_sd.o
 .text.SDMMCHOST_IsCardBusy
                0x20008856       0x14 ./sdmmc/src/fsl_sd.o
 .text.SDMMCHOST_GetSignalLineStatus
                0x2000886a       0x10 ./sdmmc/src/fsl_sd.o
 .text.SDMMCHOST_EnableDDRMode
                0x2000887a        0xa ./sdmmc/src/fsl_sd.o
 .text.SDMMCHOST_ForceClockOn
                0x20008884        0xa ./sdmmc/src/fsl_sd.o
 .text.SD_SwitchIOVoltage
                0x2000888e       0x3a ./sdmmc/src/fsl_sd.o
 .text.SD_Deinit
                0x200088c8       0x10 ./sdmmc/src/fsl_sd.o
                0x200088c8                SD_Deinit
 .text.SD_HostDoReset
                0x200088d8        0xa ./sdmmc/src/fsl_sd.o
                0x200088d8                SD_HostDoReset
 .text.SDMMC_GoIdle
                0x200088e2       0x2c ./sdmmc/src/fsl_sdmmc_common.o
                0x200088e2                SDMMC_GoIdle
 .text.USDHC_EnableInterruptStatus
                0x2000890e        0x8 ./sdmmc/host/fsl_sdmmc_host.o
 .text.USDHC_EnableInterruptSignal
                0x20008916        0x8 ./sdmmc/host/fsl_sdmmc_host.o
 .text.USDHC_DisableInterruptSignal
                0x2000891e        0xa ./sdmmc/host/fsl_sdmmc_host.o
 .text.USDHC_GetInterruptStatusFlags
                0x20008928        0x4 ./sdmmc/host/fsl_sdmmc_host.o
 .text.USDHC_ClearInterruptStatusFlags
                0x2000892c        0x4 ./sdmmc/host/fsl_sdmmc_host.o
 .text.USDHC_GetAdmaErrorStatusFlags
                0x20008930        0x8 ./sdmmc/host/fsl_sdmmc_host.o
 .text.USDHC_GetPresentStatusFlags
                0x20008938        0x4 ./sdmmc/host/fsl_sdmmc_host.o
 .text.USDHC_ForceClockOn
                0x2000893c       0x1e ./sdmmc/host/fsl_sdmmc_host.o
 .text.USDHC_SetDataBusWidth
                0x2000895a       0x12 ./sdmmc/host/fsl_sdmmc_host.o
 .text.USDHC_CardDetectByData3
                0x2000896c       0x16 ./sdmmc/host/fsl_sdmmc_host.o
 .text.UDSHC_SelectVoltage
                0x20008982       0x1e ./sdmmc/host/fsl_sdmmc_host.o
 .text.USDHC_EnableAutoTuning
                0x200089a0       0x16 ./sdmmc/host/fsl_sdmmc_host.o
 .text.USDHC_GetTuningDelayStatus
                0x200089b6        0x6 ./sdmmc/host/fsl_sdmmc_host.o
 .text.USDHC_SetStandardTuningCounter
                0x200089bc       0x12 ./sdmmc/host/fsl_sdmmc_host.o
 .text.USDHC_GetExecuteStdTuningStatus
                0x200089ce        0x8 ./sdmmc/host/fsl_sdmmc_host.o
 .text.USDHC_CheckStdTuningResult
                0x200089d6        0x8 ./sdmmc/host/fsl_sdmmc_host.o
 .text.USDHC_CheckTuningError
                0x200089de        0x8 ./sdmmc/host/fsl_sdmmc_host.o
 .text.SDMMCHOST_DetectCardInsertByHost
                0x200089e6       0x52 ./sdmmc/host/fsl_sdmmc_host.o
 .text.SDMMCHOST_DetectCardRemoveByHost
                0x20008a38       0x52 ./sdmmc/host/fsl_sdmmc_host.o
 .text.SDMMCHOST_CardDetectStatus
                0x20008a8a       0x5c ./sdmmc/host/fsl_sdmmc_host.o
                0x20008a8a                SDMMCHOST_CardDetectStatus
 .text.SDMMCHOST_ConvertDataToLittleEndian
                0x20008ae6       0x52 ./sdmmc/host/fsl_sdmmc_host.o
                0x20008ae6                SDMMCHOST_ConvertDataToLittleEndian
 .text.SDMMCHOST_TransferCompleteCallback
                0x20008b38       0x3e ./sdmmc/host/fsl_sdmmc_host.o
 .text.SDMMCHOST_TransferFunction
                0x20008b76       0xcc ./sdmmc/host/fsl_sdmmc_host.o
                0x20008b76                SDMMCHOST_TransferFunction
 .text.SDMMCHOST_ErrorRecovery
                0x20008c42       0x3a ./sdmmc/host/fsl_sdmmc_host.o
 .text.SDMMCHOST_SetCardPower
                0x20008c7c        0x2 ./sdmmc/host/fsl_sdmmc_host.o
                0x20008c7c                SDMMCHOST_SetCardPower
 .text.SDMMCHOST_SetCardBusWidth
                0x20008c7e       0x1a ./sdmmc/host/fsl_sdmmc_host.o
                0x20008c7e                SDMMCHOST_SetCardBusWidth
 .text.SDMMCHOST_Deinit
                0x20008c98       0x2e ./sdmmc/host/fsl_sdmmc_host.o
                0x20008c98                SDMMCHOST_Deinit
 .text.SDMMCHOST_SwitchToVoltage
                0x20008cc6       0x1a ./sdmmc/host/fsl_sdmmc_host.o
                0x20008cc6                SDMMCHOST_SwitchToVoltage
 .text.SDMMCHOST_ExecuteStdTuning
                0x20008ce0       0xda ./sdmmc/host/fsl_sdmmc_host.o
 .text.SDMMC_CheckTuningResult
                0x20008dba       0x6e ./sdmmc/host/fsl_sdmmc_host.o
 .text.SDMMCHOST_ExecuteManualTuning
                0x20008e28      0x13e ./sdmmc/host/fsl_sdmmc_host.o
 .text.SDMMCHOST_ExecuteTuning
                0x20008f66       0x14 ./sdmmc/host/fsl_sdmmc_host.o
                0x20008f66                SDMMCHOST_ExecuteTuning
 .text.sd_disk_status
                0x20008f7a        0xc ./fatfs/source/fsl_sd_disk/fsl_sd_disk.o
                0x20008f7a                sd_disk_status
 .text.disk_status
                0x20008f86       0x10 ./fatfs/source/diskio.o
                0x20008f86                disk_status
 .text.disk_initialize
                0x20008f96       0x10 ./fatfs/source/diskio.o
                0x20008f96                disk_initialize
 .text.disk_read