../source/TencentOS_Tiny/arch/arm/arm-v7m/common/tos_cpu.c:20:18:tos_cpu_clz	8	static
../source/TencentOS_Tiny/arch/arm/arm-v7m/common/tos_cpu.c:59:14:tos_cpu_int_disable	8	static
../source/TencentOS_Tiny/arch/arm/arm-v7m/common/tos_cpu.c:64:14:tos_cpu_int_enable	8	static
../source/TencentOS_Tiny/arch/arm/arm-v7m/common/tos_cpu.c:69:20:tos_cpu_cpsr_save	8	static
../source/TencentOS_Tiny/arch/arm/arm-v7m/common/tos_cpu.c:74:14:tos_cpu_cpsr_restore	8	static
../source/TencentOS_Tiny/arch/arm/arm-v7m/common/tos_cpu.c:79:14:cpu_init	8	static
../source/TencentOS_Tiny/arch/arm/arm-v7m/common/tos_cpu.c:89:14:cpu_reset	8	static
../source/TencentOS_Tiny/arch/arm/arm-v7m/common/tos_cpu.c:94:14:cpu_sched_start	8	static
../source/TencentOS_Tiny/arch/arm/arm-v7m/common/tos_cpu.c:99:14:cpu_context_switch	8	static
../source/TencentOS_Tiny/arch/arm/arm-v7m/common/tos_cpu.c:104:14:cpu_irq_context_switch	8	static
../source/TencentOS_Tiny/arch/arm/arm-v7m/common/tos_cpu.c:109:14:cpu_systick_init	8	static
../source/TencentOS_Tiny/arch/arm/arm-v7m/common/tos_cpu.c:194:20:cpu_task_stk_init	8	static
../source/TencentOS_Tiny/arch/arm/arm-v7m/common/tos_cpu.c:251:17:cpu_task_stack_draught_depth	8	static
