../component/uart/fsl_adapter_lpuart.c:236:26:HAL_UartGetStatus	0	static
../component/uart/fsl_adapter_lpuart.c:485:26:HAL_UartInitCommon	32	static
../component/uart/fsl_adapter_lpuart.c:537:19:HAL_UartInit	16	static
../component/uart/fsl_adapter_lpuart.c:592:19:HAL_UartDeinit	8	static
../component/uart/fsl_adapter_lpuart.c:613:19:HAL_UartReceiveBlocking	8	static
../component/uart/fsl_adapter_lpuart.c:628:19:HAL_UartSendBlocking	8	static
../component/uart/fsl_adapter_lpuart.c:643:19:HAL_UartEnterLowpower	8	static
../component/uart/fsl_adapter_lpuart.c:650:19:HAL_UartExitLowpower	0	static
