F:\NXP_TencentOS\evkbmimxrt1062_sdcard_fatfs\drivers/fsl_usdhc.h:1038:24:USDHC_GetPresentStatusFlags	0	static
F:\NXP_TencentOS\evkbmimxrt1062_sdcard_fatfs\drivers/fsl_usdhc.h:1064:20:USDHC_ForceClockOn	0	static
F:\NXP_TencentOS\evkbmimxrt1062_sdcard_fatfs\sdmmc\host/fsl_sdmmc_host.h:226:20:SDMMCHOST_SendCardActive	8	static
F:\NXP_TencentOS\evkbmimxrt1062_sdcard_fatfs\sdmmc\host/fsl_sdmmc_host.h:237:24:SDMMCHOST_SetCardClock	8	static
F:\NXP_TencentOS\evkbmimxrt1062_sdcard_fatfs\sdmmc\host/fsl_sdmmc_host.h:247:20:SDMMCHOST_IsCardBusy	8	static
F:\NXP_TencentOS\evkbmimxrt1062_sdcard_fatfs\sdmmc\host/fsl_sdmmc_host.h:260:24:SDMMCHOST_GetSignalLineStatus	8	static
F:\NXP_TencentOS\evkbmimxrt1062_sdcard_fatfs\sdmmc\host/fsl_sdmmc_host.h:291:20:SDMMCHOST_EnableDDRMode	8	static
F:\NXP_TencentOS\evkbmimxrt1062_sdcard_fatfs\sdmmc\host/fsl_sdmmc_host.h:373:20:SDMMCHOST_ForceClockOn	8	static
../sdmmc/src/fsl_sd.c:334:17:SD_SendApplicationCmd	8	static
../sdmmc/src/fsl_sd.c:341:17:SD_GoIdle	8	static
../sdmmc/src/fsl_sd.c:348:17:SD_SetBlockSize	8	static
../sdmmc/src/fsl_sd.c:355:17:SD_ExecuteTuning	8	static
../sdmmc/src/fsl_sd.c:363:17:SD_SwitchIOVoltage	8	static
../sdmmc/src/fsl_sd.c:385:17:SD_SwitchVoltage	64	static
../sdmmc/src/fsl_sd.c:457:17:SD_StopTransmission	64	static
../sdmmc/src/fsl_sd.c:483:17:SD_Transfer	24	static
../sdmmc/src/fsl_sd.c:547:17:SD_SendCardStatus	64	static
../sdmmc/src/fsl_sd.c:589:10:SD_PollingCardStatusBusy	16	static
../sdmmc/src/fsl_sd.c:620:17:SD_SendWriteSuccessBlocks	88	static
../sdmmc/src/fsl_sd.c:666:17:SD_SendRca	64	static
../sdmmc/src/fsl_sd.c:694:17:SD_SwitchFunction	96	static
../sdmmc/src/fsl_sd.c:725:13:SD_DecodeScr	8	static
../sdmmc/src/fsl_sd.c:786:17:SD_SendScr	80	static
../sdmmc/src/fsl_sd.c:829:17:SD_SelectFunction	48	static
../sdmmc/src/fsl_sd.c:907:17:SD_SetDataBusWidth	64	static
../sdmmc/src/fsl_sd.c:947:13:SD_DecodeCsd	8	static
../sdmmc/src/fsl_sd.c:1050:17:SD_SendCsd	64	static
../sdmmc/src/fsl_sd.c:1081:13:SD_DecodeCid	8	static
../sdmmc/src/fsl_sd.c:1106:17:SD_AllSendCid	64	static
../sdmmc/src/fsl_sd.c:1132:17:SD_ApplicationSendOperationCondition	64	static
../sdmmc/src/fsl_sd.c:1187:17:SD_SendInterfaceCondition	64	static
../sdmmc/src/fsl_sd.c:1226:17:SD_SelectBusTiming	16	static
../sdmmc/src/fsl_sd.c:1353:13:SD_DecodeStatus	8	static
../sdmmc/src/fsl_sd.c:1372:10:SD_ReadStatus	80	static
../sdmmc/src/fsl_sd.c:1419:10:SD_SelectCard	8	static
../sdmmc/src/fsl_sd.c:1426:10:SD_SetDriverStrength	8	static
../sdmmc/src/fsl_sd.c:1438:10:SD_SetMaxCurrent	8	static
../sdmmc/src/fsl_sd.c:1450:17:SD_Read	96	static
../sdmmc/src/fsl_sd.c:1502:17:SD_Write	96	static
../sdmmc/src/fsl_sd.c:1572:17:SD_Erase	64	static
../sdmmc/src/fsl_sd.c:1649:6:SD_CheckReadOnly	8	static
../sdmmc/src/fsl_sd.c:1657:10:SD_ReadBlocks	64	static
../sdmmc/src/fsl_sd.c:1721:10:SD_WriteBlocks	64	static
../sdmmc/src/fsl_sd.c:1781:17:SD_CalculateEraseTimeout	4	static
../sdmmc/src/fsl_sd.c:1804:10:SD_EraseBlocks	48	static
../sdmmc/src/fsl_sd.c:1887:17:SD_ProbeBusVoltage	16	static
../sdmmc/src/fsl_sd.c:1985:17:sdcard_init	8	static
../sdmmc/src/fsl_sd.c:2070:10:SD_CardInit	16	static
../sdmmc/src/fsl_sd.c:2088:6:SD_CardDeinit	16	static
../sdmmc/src/fsl_sd.c:2100:10:SD_HostInit	8	static
../sdmmc/src/fsl_sd.c:2127:6:SD_HostDeinit	8	static
../sdmmc/src/fsl_sd.c:2136:6:SD_SetCardPower	16	static
../sdmmc/src/fsl_sd.c:2163:6:SD_IsCardPresent	8	static
../sdmmc/src/fsl_sd.c:2192:10:SD_PollingCardInsert	16	static
../sdmmc/src/fsl_sd.c:2237:10:SD_Init	8	static
../sdmmc/src/fsl_sd.c:2275:6:SD_Deinit	8	static
../sdmmc/src/fsl_sd.c:2283:6:SD_HostDoReset	8	static
