F:\NXP_TencentOS\evkbmimxrt1062_sdcard_fatfs\CMSIS/core_cm7.h:1902:22:__NVIC_EnableIRQ	16	static
F:\NXP_TencentOS\evkbmimxrt1062_sdcard_fatfs\CMSIS/core_cm7.h:2032:22:__NVIC_SetPriority	16	static
F:\NXP_TencentOS\evkbmimxrt1062_sdcard_fatfs\drivers/fsl_clock.h:1138:20:CLOCK_SetMux	16	static
F:\NXP_TencentOS\evkbmimxrt1062_sdcard_fatfs\drivers/fsl_clock.h:1176:20:CLOCK_SetDiv	16	static
F:\NXP_TencentOS\evkbmimxrt1062_sdcard_fatfs\drivers/fsl_common_arm.h:488:24:EnableIRQ	8	static
F:\NXP_TencentOS\evkbmimxrt1062_sdcard_fatfs\drivers/fsl_gpio.h:176:24:GPIO_PinRead	8	static
F:\NXP_TencentOS\evkbmimxrt1062_sdcard_fatfs\drivers/fsl_gpio.h:253:20:GPIO_PortEnableInterrupts	0	static
F:\NXP_TencentOS\evkbmimxrt1062_sdcard_fatfs\drivers/fsl_gpio.h:295:24:GPIO_PortGetInterruptFlags	0	static
F:\NXP_TencentOS\evkbmimxrt1062_sdcard_fatfs\drivers/fsl_gpio.h:318:20:GPIO_PortClearInterruptFlags	0	static
F:\NXP_TencentOS\evkbmimxrt1062_sdcard_fatfs\drivers/fsl_iomuxc.h:1302:20:IOMUXC_SetPinConfig	0	static
../board/sdmmc_config.c:46:10:BOARD_USDHC1ClockConfiguration	8	static
../board/sdmmc_config.c:59:6:BOARD_SDCardGetDetectStatus	8	static
../board/sdmmc_config.c:64:6:GPIO3_Combined_0_15_IRQHandler	8	static
../board/sdmmc_config.c:77:6:BOARD_SDCardDAT3PullFunction	16	static
../board/sdmmc_config.c:97:6:BOARD_SDCardDetectInit	24	static
../board/sdmmc_config.c:140:6:BOARD_SDCardPowerResetInit	16	static
../board/sdmmc_config.c:150:6:BOARD_SDCardPowerControl	8	static
../board/sdmmc_config.c:162:6:BOARD_SD_Pin_Config	24	static
../board/sdmmc_config.c:215:6:BOARD_SD_Config	24	static
