F:\NXP_TencentOS\evkbmimxrt1062_sdcard_fatfs\drivers/fsl_usdhc.h:928:20:USDHC_EnableInterruptStatus	0	static
F:\NXP_TencentOS\evkbmimxrt1062_sdcard_fatfs\drivers/fsl_usdhc.h:939:20:USDHC_DisableInterruptStatus	0	static
F:\NXP_TencentOS\evkbmimxrt1062_sdcard_fatfs\drivers/fsl_usdhc.h:950:20:USDHC_EnableInterruptSignal	0	static
F:\NXP_TencentOS\evkbmimxrt1062_sdcard_fatfs\drivers/fsl_usdhc.h:961:20:USDHC_DisableInterruptSignal	0	static
F:\NXP_TencentOS\evkbmimxrt1062_sdcard_fatfs\drivers/fsl_usdhc.h:992:24:USDHC_GetInterruptStatusFlags	0	static
F:\NXP_TencentOS\evkbmimxrt1062_sdcard_fatfs\drivers/fsl_usdhc.h:1003:20:USDHC_ClearInterruptStatusFlags	0	static
F:\NXP_TencentOS\evkbmimxrt1062_sdcard_fatfs\drivers/fsl_usdhc.h:1025:24:USDHC_GetAdmaErrorStatusFlags	0	static
F:\NXP_TencentOS\evkbmimxrt1062_sdcard_fatfs\drivers/fsl_usdhc.h:1038:24:USDHC_GetPresentStatusFlags	0	static
F:\NXP_TencentOS\evkbmimxrt1062_sdcard_fatfs\drivers/fsl_usdhc.h:1064:20:USDHC_ForceClockOn	0	static
F:\NXP_TencentOS\evkbmimxrt1062_sdcard_fatfs\drivers/fsl_usdhc.h:1124:20:USDHC_SetDataBusWidth	0	static
F:\NXP_TencentOS\evkbmimxrt1062_sdcard_fatfs\drivers/fsl_usdhc.h:1188:20:USDHC_CardDetectByData3	0	static
F:\NXP_TencentOS\evkbmimxrt1062_sdcard_fatfs\drivers/fsl_usdhc.h:1283:20:USDHC_EnableMmcBoot	0	static
F:\NXP_TencentOS\evkbmimxrt1062_sdcard_fatfs\drivers/fsl_usdhc.h:1312:20:UDSHC_SelectVoltage	0	static
F:\NXP_TencentOS\evkbmimxrt1062_sdcard_fatfs\drivers/fsl_usdhc.h:1352:20:USDHC_EnableAutoTuning	0	static
F:\NXP_TencentOS\evkbmimxrt1062_sdcard_fatfs\drivers/fsl_usdhc.h:1402:24:USDHC_GetTuningDelayStatus	0	static
F:\NXP_TencentOS\evkbmimxrt1062_sdcard_fatfs\drivers/fsl_usdhc.h:1436:20:USDHC_SetStandardTuningCounter	0	static
F:\NXP_TencentOS\evkbmimxrt1062_sdcard_fatfs\drivers/fsl_usdhc.h:1459:24:USDHC_GetExecuteStdTuningStatus	0	static
F:\NXP_TencentOS\evkbmimxrt1062_sdcard_fatfs\drivers/fsl_usdhc.h:1469:24:USDHC_CheckStdTuningResult	0	static
F:\NXP_TencentOS\evkbmimxrt1062_sdcard_fatfs\drivers/fsl_usdhc.h:1479:24:USDHC_CheckTuningError	0	static
../sdmmc/host/fsl_sdmmc_host.h:269:20:SDMMCHOST_EnableCardInt	8	static
../sdmmc/host/fsl_sdmmc_host.c:80:13:SDMMCHOST_DetectCardInsertByHost	16	static
../sdmmc/host/fsl_sdmmc_host.c:112:13:SDMMCHOST_DetectCardRemoveByHost	16	static
../sdmmc/host/fsl_sdmmc_host.c:145:13:SDMMCHOST_CardInterrupt	8	static
../sdmmc/host/fsl_sdmmc_host.c:160:10:SDMMCHOST_CardIntInit	8	static
../sdmmc/host/fsl_sdmmc_host.c:169:10:SDMMCHOST_CardDetectInit	16	static
../sdmmc/host/fsl_sdmmc_host.c:204:10:SDMMCHOST_CardDetectStatus	16	static
../sdmmc/host/fsl_sdmmc_host.c:243:10:SDMMCHOST_PollingCardDetectStatus	40	static
../sdmmc/host/fsl_sdmmc_host.c:303:6:SDMMCHOST_ConvertDataToLittleEndian	0	static
../sdmmc/host/fsl_sdmmc_host.c:339:13:SDMMCHOST_TransferCompleteCallback	8	static
../sdmmc/host/fsl_sdmmc_host.c:381:10:SDMMCHOST_TransferFunction	40	static
../sdmmc/host/fsl_sdmmc_host.c:584:13:SDMMCHOST_ErrorRecovery	16	static
../sdmmc/host/fsl_sdmmc_host.c:603:6:SDMMCHOST_SetCardPower	0	static
../sdmmc/host/fsl_sdmmc_host.c:608:6:SDMMCHOST_SetCardBusWidth	8	static
../sdmmc/host/fsl_sdmmc_host.c:617:10:SDMMCHOST_Init	40	static
../sdmmc/host/fsl_sdmmc_host.c:701:6:SDMMCHOST_Reset	16	static
../sdmmc/host/fsl_sdmmc_host.c:731:6:SDMMCHOST_Deinit	16	static
../sdmmc/host/fsl_sdmmc_host.c:741:6:SDMMCHOST_SwitchToVoltage	8	static
../sdmmc/host/fsl_sdmmc_host.c:754:17:SDMMCHOST_ExecuteStdTuning	96	static
../sdmmc/host/fsl_sdmmc_host.c:828:17:SDMMC_CheckTuningResult	24	static
../sdmmc/host/fsl_sdmmc_host.c:874:17:SDMMCHOST_ExecuteManualTuning	120	static
../sdmmc/host/fsl_sdmmc_host.c:960:10:SDMMCHOST_ExecuteTuning	8	static
../sdmmc/host/fsl_sdmmc_host.c:974:10:SDMMCHOST_StartBoot	64	static
../sdmmc/host/fsl_sdmmc_host.c:1003:10:SDMMCHOST_ReadBootData	88	static
