F:\NXP_TencentOS\evkbmimxrt1062_sdcard_fatfs\source\TencentOS_Tiny\kernel\core\include/tos_list.h:80:24:_list_add	0	static
F:\NXP_TencentOS\evkbmimxrt1062_sdcard_fatfs\source\TencentOS_Tiny\kernel\core\include/tos_list.h:88:24:_list_del	0	static
F:\NXP_TencentOS\evkbmimxrt1062_sdcard_fatfs\source\TencentOS_Tiny\kernel\core\include/tos_list.h:94:24:_list_del_node	8	static
F:\NXP_TencentOS\evkbmimxrt1062_sdcard_fatfs\source\TencentOS_Tiny\kernel\core\include/tos_list.h:99:32:tos_list_init	0	static
F:\NXP_TencentOS\evkbmimxrt1062_sdcard_fatfs\source\TencentOS_Tiny\kernel\core\include/tos_list.h:105:32:tos_list_add	8	static
F:\NXP_TencentOS\evkbmimxrt1062_sdcard_fatfs\source\TencentOS_Tiny\kernel\core\include/tos_list.h:110:32:tos_list_add_tail	8	static
F:\NXP_TencentOS\evkbmimxrt1062_sdcard_fatfs\source\TencentOS_Tiny\kernel\core\include/tos_list.h:115:32:tos_list_del	8	static
F:\NXP_TencentOS\evkbmimxrt1062_sdcard_fatfs\source\TencentOS_Tiny\kernel\core\include/tos_list.h:132:32:tos_list_move_tail	16	static
F:\NXP_TencentOS\evkbmimxrt1062_sdcard_fatfs\source\TencentOS_Tiny\kernel\core\include/tos_list.h:138:31:tos_list_empty	0	static
../source/TencentOS_Tiny/kernel/core/tos_sched.c:20:21:readyqueue_prio_highest_get	8	static
../source/TencentOS_Tiny/kernel/core/tos_sched.c:36:24:readyqueue_prio_insert	0	static
../source/TencentOS_Tiny/kernel/core/tos_sched.c:41:24:readyqueue_prio_remove	0	static
../source/TencentOS_Tiny/kernel/core/tos_sched.c:46:24:readyqueue_prio_mark	8	static
../source/TencentOS_Tiny/kernel/core/tos_sched.c:58:13:readyqueue_is_prio_onlyone	0	static
../source/TencentOS_Tiny/kernel/core/tos_sched.c:68:19:readyqueue_first_task_get	8	static
../source/TencentOS_Tiny/kernel/core/tos_sched.c:76:19:readyqueue_highest_ready_task_get	0	static
../source/TencentOS_Tiny/kernel/core/tos_sched.c:84:14:readyqueue_init	8	static
../source/TencentOS_Tiny/kernel/core/tos_sched.c:99:14:readyqueue_add_head	16	static
../source/TencentOS_Tiny/kernel/core/tos_sched.c:114:14:readyqueue_add_tail	16	static
../source/TencentOS_Tiny/kernel/core/tos_sched.c:129:14:readyqueue_add	8	static
../source/TencentOS_Tiny/kernel/core/tos_sched.c:138:14:readyqueue_remove	16	static
../source/TencentOS_Tiny/kernel/core/tos_sched.c:162:14:readyqueue_move_head_to_tail	16	static
