F:\NXP_TencentOS\evkbmimxrt1062_sdcard_fatfs\source\TencentOS_Tiny\kernel\core\include/tos_list.h:80:24:_list_add	0	static
F:\NXP_TencentOS\evkbmimxrt1062_sdcard_fatfs\source\TencentOS_Tiny\kernel\core\include/tos_list.h:88:24:_list_del	0	static
F:\NXP_TencentOS\evkbmimxrt1062_sdcard_fatfs\source\TencentOS_Tiny\kernel\core\include/tos_list.h:99:32:tos_list_init	0	static
F:\NXP_TencentOS\evkbmimxrt1062_sdcard_fatfs\source\TencentOS_Tiny\kernel\core\include/tos_list.h:105:32:tos_list_add	8	static
F:\NXP_TencentOS\evkbmimxrt1062_sdcard_fatfs\source\TencentOS_Tiny\kernel\core\include/tos_list.h:115:32:tos_list_del	8	static
F:\NXP_TencentOS\evkbmimxrt1062_sdcard_fatfs\source\TencentOS_Tiny\kernel\core\include/tos_list.h:138:31:tos_list_empty	0	static
F:\NXP_TencentOS\evkbmimxrt1062_sdcard_fatfs\source\TencentOS_Tiny\kernel\core\include/tos_sys.h:182:31:knl_object_verify	0	static
F:\NXP_TencentOS\evkbmimxrt1062_sdcard_fatfs\source\TencentOS_Tiny\kernel\core\include/tos_sys.h:187:32:knl_object_init	0	static
F:\NXP_TencentOS\evkbmimxrt1062_sdcard_fatfs\source\TencentOS_Tiny\kernel\core\include/tos_sys.h:192:32:knl_object_deinit	0	static
F:\NXP_TencentOS\evkbmimxrt1062_sdcard_fatfs\source\TencentOS_Tiny\kernel\core\include/tos_sys.h:199:32:knl_object_alloc_reset	0	static
F:\NXP_TencentOS\evkbmimxrt1062_sdcard_fatfs\source\TencentOS_Tiny\kernel\core\include/tos_sys.h:204:32:knl_object_alloc_set_dynamic	0	static
F:\NXP_TencentOS\evkbmimxrt1062_sdcard_fatfs\source\TencentOS_Tiny\kernel\core\include/tos_sys.h:209:32:knl_object_alloc_set_static	0	static
F:\NXP_TencentOS\evkbmimxrt1062_sdcard_fatfs\source\TencentOS_Tiny\kernel\core\include/tos_sys.h:214:31:knl_object_alloc_is_dynamic	0	static
F:\NXP_TencentOS\evkbmimxrt1062_sdcard_fatfs\source\TencentOS_Tiny\kernel\core\include/tos_sys.h:219:31:knl_object_alloc_is_static	0	static
F:\NXP_TencentOS\evkbmimxrt1062_sdcard_fatfs\source\TencentOS_Tiny\kernel\core\include/tos_task.h:348:31:task_state_is_ready	0	static
F:\NXP_TencentOS\evkbmimxrt1062_sdcard_fatfs\source\TencentOS_Tiny\kernel\core\include/tos_task.h:353:31:task_state_is_sleeping	0	static
F:\NXP_TencentOS\evkbmimxrt1062_sdcard_fatfs\source\TencentOS_Tiny\kernel\core\include/tos_task.h:358:31:task_state_is_pending	0	static
F:\NXP_TencentOS\evkbmimxrt1062_sdcard_fatfs\source\TencentOS_Tiny\kernel\core\include/tos_task.h:363:31:task_state_is_suspended	0	static
F:\NXP_TencentOS\evkbmimxrt1062_sdcard_fatfs\source\TencentOS_Tiny\kernel\core\include/tos_task.h:378:32:task_state_reset_suspended	0	static
F:\NXP_TencentOS\evkbmimxrt1062_sdcard_fatfs\source\TencentOS_Tiny\kernel\core\include/tos_task.h:383:32:task_state_set_suspended	0	static
F:\NXP_TencentOS\evkbmimxrt1062_sdcard_fatfs\source\TencentOS_Tiny\kernel\core\include/tos_task.h:393:32:task_state_set_ready	0	static
F:\NXP_TencentOS\evkbmimxrt1062_sdcard_fatfs\source\TencentOS_Tiny\kernel\core\include/tos_task.h:398:32:task_state_set_deleted	0	static
F:\NXP_TencentOS\evkbmimxrt1062_sdcard_fatfs\source\TencentOS_Tiny\kernel\core\include/tos_task.h:408:34:task_default_walker	16	static
../source/TencentOS_Tiny/kernel/core/tos_task.c:20:24:task_reset	16	static
../source/TencentOS_Tiny/kernel/core/tos_task.c:51:17:task_exit	8	static
../source/TencentOS_Tiny/kernel/core/tos_task.c:57:21:task_highest_pending_prio_get	16	static
../source/TencentOS_Tiny/kernel/core/tos_task.c:72:17:task_mutex_release	16	static
../source/TencentOS_Tiny/kernel/core/tos_task.c:82:17:tos_task_create	40	static
../source/TencentOS_Tiny/kernel/core/tos_task.c:152:20:task_do_destroy	16	static
../source/TencentOS_Tiny/kernel/core/tos_task.c:190:20:task_destroy_static	8	static
../source/TencentOS_Tiny/kernel/core/tos_task.c:203:17:task_free	8	static
../source/TencentOS_Tiny/kernel/core/tos_task.c:209:14:task_free_all	16	static
../source/TencentOS_Tiny/kernel/core/tos_task.c:224:17:tos_task_create_dyn	48	static
../source/TencentOS_Tiny/kernel/core/tos_task.c:278:20:task_destroy_dyn	16	static
../source/TencentOS_Tiny/kernel/core/tos_task.c:305:17:tos_task_destroy	16	static
../source/TencentOS_Tiny/kernel/core/tos_task.c:328:14:tos_task_yield	16	static
../source/TencentOS_Tiny/kernel/core/tos_task.c:345:17:tos_task_prio_change	16	static
../source/TencentOS_Tiny/kernel/core/tos_task.c:404:17:tos_task_suspend	16	static
../source/TencentOS_Tiny/kernel/core/tos_task.c:435:17:tos_task_resume	16	static
../source/TencentOS_Tiny/kernel/core/tos_task.c:465:17:tos_task_delay	24	static
../source/TencentOS_Tiny/kernel/core/tos_task.c:496:17:tos_task_delay_abort	16	static
../source/TencentOS_Tiny/kernel/core/tos_task.c:525:19:tos_task_curr_task_get	16	static
../source/TencentOS_Tiny/kernel/core/tos_task.c:539:14:tos_task_walkthru	16	static
../source/TencentOS_Tiny/kernel/core/tos_task.c:557:16:tos_task_info_display	8	static
../source/TencentOS_Tiny/kernel/core/tos_task.c:564:17:tos_task_stack_draught_depth	16	static
