F:\NXP_TencentOS\evkbmimxrt1062_sdcard_fatfs\source\TencentOS_Tiny\kernel\core\include/tos_sys.h:182:31:knl_object_verify	0	static
F:\NXP_TencentOS\evkbmimxrt1062_sdcard_fatfs\source\TencentOS_Tiny\kernel\core\include/tos_sys.h:187:32:knl_object_init	0	static
F:\NXP_TencentOS\evkbmimxrt1062_sdcard_fatfs\source\TencentOS_Tiny\kernel\core\include/tos_sys.h:192:32:knl_object_deinit	0	static
F:\NXP_TencentOS\evkbmimxrt1062_sdcard_fatfs\source\TencentOS_Tiny\kernel\core\include/tos_sys.h:199:32:knl_object_alloc_reset	0	static
F:\NXP_TencentOS\evkbmimxrt1062_sdcard_fatfs\source\TencentOS_Tiny\kernel\core\include/tos_sys.h:204:32:knl_object_alloc_set_dynamic	0	static
F:\NXP_TencentOS\evkbmimxrt1062_sdcard_fatfs\source\TencentOS_Tiny\kernel\core\include/tos_sys.h:209:32:knl_object_alloc_set_static	0	static
F:\NXP_TencentOS\evkbmimxrt1062_sdcard_fatfs\source\TencentOS_Tiny\kernel\core\include/tos_sys.h:214:31:knl_object_alloc_is_dynamic	0	static
F:\NXP_TencentOS\evkbmimxrt1062_sdcard_fatfs\source\TencentOS_Tiny\kernel\core\include/tos_sys.h:219:31:knl_object_alloc_is_static	0	static
../source/TencentOS_Tiny/kernel/core/tos_priority_mail_queue.c:22:17:tos_prio_mail_q_create	32	static
../source/TencentOS_Tiny/kernel/core/tos_priority_mail_queue.c:49:17:tos_prio_mail_q_destroy	24	static
../source/TencentOS_Tiny/kernel/core/tos_priority_mail_queue.c:85:17:tos_prio_mail_q_create_dyn	16	static
../source/TencentOS_Tiny/kernel/core/tos_priority_mail_queue.c:104:17:tos_prio_mail_q_destroy_dyn	24	static
../source/TencentOS_Tiny/kernel/core/tos_priority_mail_queue.c:137:17:tos_prio_mail_q_flush	8	static
../source/TencentOS_Tiny/kernel/core/tos_priority_mail_queue.c:145:17:tos_prio_mail_q_pend	32	static
../source/TencentOS_Tiny/kernel/core/tos_priority_mail_queue.c:189:17:prio_mail_task_recv	16	static
../source/TencentOS_Tiny/kernel/core/tos_priority_mail_queue.c:196:20:prio_mail_q_do_post	32	static
../source/TencentOS_Tiny/kernel/core/tos_priority_mail_queue.c:233:17:tos_prio_mail_q_post	16	static
../source/TencentOS_Tiny/kernel/core/tos_priority_mail_queue.c:238:17:tos_prio_mail_q_post_all	16	static
