F:\NXP_TencentOS\evkbmimxrt1062_sdcard_fatfs\source\TencentOS_Tiny\kernel\core\include/tos_sys.h:182:31:knl_object_verify	0	static
F:\NXP_TencentOS\evkbmimxrt1062_sdcard_fatfs\source\TencentOS_Tiny\kernel\core\include/tos_sys.h:187:32:knl_object_init	0	static
F:\NXP_TencentOS\evkbmimxrt1062_sdcard_fatfs\source\TencentOS_Tiny\kernel\core\include/tos_sys.h:192:32:knl_object_deinit	0	static
F:\NXP_TencentOS\evkbmimxrt1062_sdcard_fatfs\source\TencentOS_Tiny\kernel\core\include/tos_sys.h:199:32:knl_object_alloc_reset	0	static
F:\NXP_TencentOS\evkbmimxrt1062_sdcard_fatfs\source\TencentOS_Tiny\kernel\core\include/tos_sys.h:204:32:knl_object_alloc_set_dynamic	0	static
F:\NXP_TencentOS\evkbmimxrt1062_sdcard_fatfs\source\TencentOS_Tiny\kernel\core\include/tos_sys.h:209:32:knl_object_alloc_set_static	0	static
F:\NXP_TencentOS\evkbmimxrt1062_sdcard_fatfs\source\TencentOS_Tiny\kernel\core\include/tos_sys.h:214:31:knl_object_alloc_is_dynamic	0	static
F:\NXP_TencentOS\evkbmimxrt1062_sdcard_fatfs\source\TencentOS_Tiny\kernel\core\include/tos_sys.h:219:31:knl_object_alloc_is_static	0	static
../source/TencentOS_Tiny/kernel/core/tos_message_queue.c:22:17:tos_msg_q_create	16	static
../source/TencentOS_Tiny/kernel/core/tos_message_queue.c:42:17:tos_msg_q_destroy	24	static
../source/TencentOS_Tiny/kernel/core/tos_message_queue.c:75:17:tos_msg_q_create_dyn	16	static
../source/TencentOS_Tiny/kernel/core/tos_message_queue.c:94:17:tos_msg_q_destroy_dyn	24	static
../source/TencentOS_Tiny/kernel/core/tos_message_queue.c:127:17:tos_msg_q_flush	8	static
../source/TencentOS_Tiny/kernel/core/tos_message_queue.c:135:17:tos_msg_q_pend	32	static
../source/TencentOS_Tiny/kernel/core/tos_message_queue.c:177:17:msg_q_task_recv	8	static
../source/TencentOS_Tiny/kernel/core/tos_message_queue.c:183:20:msg_q_do_post	24	static
../source/TencentOS_Tiny/kernel/core/tos_message_queue.c:218:17:tos_msg_q_post	8	static
../source/TencentOS_Tiny/kernel/core/tos_message_queue.c:223:17:tos_msg_q_post_all	8	static
