F:\NXP_TencentOS\evkbmimxrt1062_sdcard_fatfs\source\TencentOS_Tiny\kernel\core\include/tos_sys.h:182:31:knl_object_verify	0	static
F:\NXP_TencentOS\evkbmimxrt1062_sdcard_fatfs\source\TencentOS_Tiny\kernel\core\include/tos_sys.h:187:32:knl_object_init	0	static
F:\NXP_TencentOS\evkbmimxrt1062_sdcard_fatfs\source\TencentOS_Tiny\kernel\core\include/tos_sys.h:192:32:knl_object_deinit	0	static
F:\NXP_TencentOS\evkbmimxrt1062_sdcard_fatfs\source\TencentOS_Tiny\kernel\core\include/tos_sys.h:199:32:knl_object_alloc_reset	0	static
F:\NXP_TencentOS\evkbmimxrt1062_sdcard_fatfs\source\TencentOS_Tiny\kernel\core\include/tos_sys.h:204:32:knl_object_alloc_set_dynamic	0	static
F:\NXP_TencentOS\evkbmimxrt1062_sdcard_fatfs\source\TencentOS_Tiny\kernel\core\include/tos_sys.h:209:32:knl_object_alloc_set_static	0	static
F:\NXP_TencentOS\evkbmimxrt1062_sdcard_fatfs\source\TencentOS_Tiny\kernel\core\include/tos_sys.h:214:31:knl_object_alloc_is_dynamic	0	static
F:\NXP_TencentOS\evkbmimxrt1062_sdcard_fatfs\source\TencentOS_Tiny\kernel\core\include/tos_sys.h:219:31:knl_object_alloc_is_static	0	static
../source/TencentOS_Tiny/kernel/core/tos_binary_heap.c:20:24:bin_heap_item_copy_to	16	static
../source/TencentOS_Tiny/kernel/core/tos_binary_heap.c:28:24:bin_heap_item_copy_from	8	static
../source/TencentOS_Tiny/kernel/core/tos_binary_heap.c:33:24:bin_heap_item_increase	0	static
../source/TencentOS_Tiny/kernel/core/tos_binary_heap.c:38:24:bin_heap_item_decrease	0	static
../source/TencentOS_Tiny/kernel/core/tos_binary_heap.c:43:17:bin_heap_do_percolate_up	40	static
../source/TencentOS_Tiny/kernel/core/tos_binary_heap.c:69:17:bin_heap_percolate_up	8	static
../source/TencentOS_Tiny/kernel/core/tos_binary_heap.c:74:17:bin_heap_percolate_down	32	static
../source/TencentOS_Tiny/kernel/core/tos_binary_heap.c:117:17:tos_bin_heap_create	16	static
../source/TencentOS_Tiny/kernel/core/tos_binary_heap.c:135:17:tos_bin_heap_destroy	16	static
../source/TencentOS_Tiny/kernel/core/tos_binary_heap.c:156:17:tos_bin_heap_create_dyn	24	static
../source/TencentOS_Tiny/kernel/core/tos_binary_heap.c:180:17:tos_bin_heap_destroy_dyn	16	static
../source/TencentOS_Tiny/kernel/core/tos_binary_heap.c:203:17:tos_bin_heap_push	16	static
../source/TencentOS_Tiny/kernel/core/tos_binary_heap.c:229:17:tos_bin_heap_pop	24	static
../source/TencentOS_Tiny/kernel/core/tos_binary_heap.c:253:17:tos_bin_heap_flush	16	static
../source/TencentOS_Tiny/kernel/core/tos_binary_heap.c:267:13:tos_bin_heap_is_empty	16	static
../source/TencentOS_Tiny/kernel/core/tos_binary_heap.c:282:13:tos_bin_heap_is_full	16	static
