F:\NXP_TencentOS\evkbmimxrt1062_sdcard_fatfs\source\TencentOS_Tiny\kernel\core\include/tos_list.h:80:24:_list_add	0	static
F:\NXP_TencentOS\evkbmimxrt1062_sdcard_fatfs\source\TencentOS_Tiny\kernel\core\include/tos_list.h:88:24:_list_del	0	static
F:\NXP_TencentOS\evkbmimxrt1062_sdcard_fatfs\source\TencentOS_Tiny\kernel\core\include/tos_list.h:110:32:tos_list_add_tail	8	static
F:\NXP_TencentOS\evkbmimxrt1062_sdcard_fatfs\source\TencentOS_Tiny\kernel\core\include/tos_list.h:115:32:tos_list_del	8	static
F:\NXP_TencentOS\evkbmimxrt1062_sdcard_fatfs\source\TencentOS_Tiny\kernel\core\include/tos_list.h:138:31:tos_list_empty	0	static
F:\NXP_TencentOS\evkbmimxrt1062_sdcard_fatfs\source\TencentOS_Tiny\kernel\core\include/tos_task.h:373:32:task_state_reset_sleeping	0	static
F:\NXP_TencentOS\evkbmimxrt1062_sdcard_fatfs\source\TencentOS_Tiny\kernel\core\include/tos_task.h:403:32:task_state_set_sleeping	0	static
../source/TencentOS_Tiny/kernel/core/tos_tick.c:20:17:tick_task_place	32	static
../source/TencentOS_Tiny/kernel/core/tos_tick.c:51:17:tick_task_takeoff	24	static
../source/TencentOS_Tiny/kernel/core/tos_tick.c:72:14:tick_list_add	8	static
../source/TencentOS_Tiny/kernel/core/tos_tick.c:78:14:tick_list_remove	8	static
../source/TencentOS_Tiny/kernel/core/tos_tick.c:84:14:tick_update	16	static
../source/TencentOS_Tiny/kernel/core/tos_tick.c:118:18:tick_next_expires_get	16	static
../source/TencentOS_Tiny/kernel/core/tos_tick.c:133:14:tos_tick_handler	8	static
