F:\NXP_TencentOS\evkbmimxrt1062_sdcard_fatfs\source\TencentOS_Tiny\kernel\core\include/tos_sys.h:182:31:knl_object_verify	0	static
F:\NXP_TencentOS\evkbmimxrt1062_sdcard_fatfs\source\TencentOS_Tiny\kernel\core\include/tos_sys.h:187:32:knl_object_init	0	static
F:\NXP_TencentOS\evkbmimxrt1062_sdcard_fatfs\source\TencentOS_Tiny\kernel\core\include/tos_sys.h:192:32:knl_object_deinit	0	static
F:\NXP_TencentOS\evkbmimxrt1062_sdcard_fatfs\source\TencentOS_Tiny\kernel\core\include/tos_sys.h:199:32:knl_object_alloc_reset	0	static
F:\NXP_TencentOS\evkbmimxrt1062_sdcard_fatfs\source\TencentOS_Tiny\kernel\core\include/tos_sys.h:204:32:knl_object_alloc_set_dynamic	0	static
F:\NXP_TencentOS\evkbmimxrt1062_sdcard_fatfs\source\TencentOS_Tiny\kernel\core\include/tos_sys.h:209:32:knl_object_alloc_set_static	0	static
F:\NXP_TencentOS\evkbmimxrt1062_sdcard_fatfs\source\TencentOS_Tiny\kernel\core\include/tos_sys.h:214:31:knl_object_alloc_is_dynamic	0	static
F:\NXP_TencentOS\evkbmimxrt1062_sdcard_fatfs\source\TencentOS_Tiny\kernel\core\include/tos_sys.h:219:31:knl_object_alloc_is_static	0	static
../source/TencentOS_Tiny/kernel/core/tos_ring_queue.c:20:24:ring_q_item_copy_to	16	static
../source/TencentOS_Tiny/kernel/core/tos_ring_queue.c:28:24:ring_q_item_copy_from	8	static
../source/TencentOS_Tiny/kernel/core/tos_ring_queue.c:33:24:ring_q_item_increase	0	static
../source/TencentOS_Tiny/kernel/core/tos_ring_queue.c:39:24:ring_q_item_decrease	0	static
../source/TencentOS_Tiny/kernel/core/tos_ring_queue.c:45:18:tos_ring_q_create	16	static
../source/TencentOS_Tiny/kernel/core/tos_ring_queue.c:64:17:tos_ring_q_destroy	16	static
../source/TencentOS_Tiny/kernel/core/tos_ring_queue.c:87:18:tos_ring_q_create_dyn	24	static
../source/TencentOS_Tiny/kernel/core/tos_ring_queue.c:112:17:tos_ring_q_destroy_dyn	16	static
../source/TencentOS_Tiny/kernel/core/tos_ring_queue.c:137:17:tos_ring_q_enqueue	16	static
../source/TencentOS_Tiny/kernel/core/tos_ring_queue.c:163:17:tos_ring_q_dequeue	24	static
../source/TencentOS_Tiny/kernel/core/tos_ring_queue.c:186:17:tos_ring_q_flush	16	static
../source/TencentOS_Tiny/kernel/core/tos_ring_queue.c:204:13:tos_ring_q_is_empty	16	static
../source/TencentOS_Tiny/kernel/core/tos_ring_queue.c:219:13:tos_ring_q_is_full	16	static
