F:\NXP_TencentOS\evkbmimxrt1062_sdcard_fatfs\source\TencentOS_Tiny\kernel\core\include/tos_list.h:80:24:_list_add	0	static
F:\NXP_TencentOS\evkbmimxrt1062_sdcard_fatfs\source\TencentOS_Tiny\kernel\core\include/tos_list.h:88:24:_list_del	0	static
F:\NXP_TencentOS\evkbmimxrt1062_sdcard_fatfs\source\TencentOS_Tiny\kernel\core\include/tos_list.h:99:32:tos_list_init	0	static
F:\NXP_TencentOS\evkbmimxrt1062_sdcard_fatfs\source\TencentOS_Tiny\kernel\core\include/tos_list.h:110:32:tos_list_add_tail	8	static
F:\NXP_TencentOS\evkbmimxrt1062_sdcard_fatfs\source\TencentOS_Tiny\kernel\core\include/tos_list.h:115:32:tos_list_del	8	static
F:\NXP_TencentOS\evkbmimxrt1062_sdcard_fatfs\source\TencentOS_Tiny\kernel\core\include/tos_list.h:138:31:tos_list_empty	0	static
F:\NXP_TencentOS\evkbmimxrt1062_sdcard_fatfs\source\TencentOS_Tiny\kernel\core\include/tos_task.h:353:31:task_state_is_sleeping	0	static
F:\NXP_TencentOS\evkbmimxrt1062_sdcard_fatfs\source\TencentOS_Tiny\kernel\core\include/tos_task.h:358:31:task_state_is_pending	0	static
F:\NXP_TencentOS\evkbmimxrt1062_sdcard_fatfs\source\TencentOS_Tiny\kernel\core\include/tos_task.h:363:31:task_state_is_suspended	0	static
F:\NXP_TencentOS\evkbmimxrt1062_sdcard_fatfs\source\TencentOS_Tiny\kernel\core\include/tos_task.h:368:32:task_state_reset_pending	0	static
F:\NXP_TencentOS\evkbmimxrt1062_sdcard_fatfs\source\TencentOS_Tiny\kernel\core\include/tos_task.h:388:32:task_state_set_pend	0	static
../source/TencentOS_Tiny/kernel/core/tos_pend.c:20:17:pend_list_add	16	static
../source/TencentOS_Tiny/kernel/core/tos_pend.c:39:18:pend_highest_pending_prio_get	8	static
../source/TencentOS_Tiny/kernel/core/tos_pend.c:48:19:pend_highest_pending_task_get	0	static
../source/TencentOS_Tiny/kernel/core/tos_pend.c:53:14:pend_list_remove	8	static
../source/TencentOS_Tiny/kernel/core/tos_pend.c:61:14:pend_object_init	8	static
../source/TencentOS_Tiny/kernel/core/tos_pend.c:66:14:pend_object_deinit	8	static
../source/TencentOS_Tiny/kernel/core/tos_pend.c:71:13:pend_is_nopending	8	static
../source/TencentOS_Tiny/kernel/core/tos_pend.c:76:14:pend_list_adjust	8	static
../source/TencentOS_Tiny/kernel/core/tos_pend.c:84:17:pend_state2errno	0	static
../source/TencentOS_Tiny/kernel/core/tos_pend.c:99:14:pend_task_wakeup	16	static
../source/TencentOS_Tiny/kernel/core/tos_pend.c:118:14:pend_task_block	24	static
../source/TencentOS_Tiny/kernel/core/tos_pend.c:130:14:pend_wakeup_one	8	static
../source/TencentOS_Tiny/kernel/core/tos_pend.c:135:14:pend_wakeup_all	16	static
../source/TencentOS_Tiny/kernel/core/tos_pend.c:144:14:pend_wakeup	8	static
