../source/TencentOS_Tiny/kernel/core/tos_sys.c:20:17:tos_knl_init	8	static
../source/TencentOS_Tiny/kernel/core/tos_sys.c:62:14:tos_knl_irq_enter	8	static
../source/TencentOS_Tiny/kernel/core/tos_sys.c:75:14:tos_knl_irq_leave	8	static
../source/TencentOS_Tiny/kernel/core/tos_sys.c:111:17:tos_knl_sched_lock	8	static
../source/TencentOS_Tiny/kernel/core/tos_sys.c:131:17:tos_knl_sched_unlock	8	static
../source/TencentOS_Tiny/kernel/core/tos_sys.c:153:17:tos_knl_start	8	static
../source/TencentOS_Tiny/kernel/core/tos_sys.c:168:13:tos_knl_is_running	0	static
../source/TencentOS_Tiny/kernel/core/tos_sys.c:202:14:knl_sched	8	static
../source/TencentOS_Tiny/kernel/core/tos_sys.c:229:13:knl_is_sched_locked	0	static
../source/TencentOS_Tiny/kernel/core/tos_sys.c:234:13:knl_is_inirq	0	static
../source/TencentOS_Tiny/kernel/core/tos_sys.c:239:13:knl_is_idle	0	static
../source/TencentOS_Tiny/kernel/core/tos_sys.c:244:13:knl_is_self	0	static
../source/TencentOS_Tiny/kernel/core/tos_sys.c:249:17:knl_idle_entry	8	static
../source/TencentOS_Tiny/kernel/core/tos_sys.c:264:17:knl_idle_init	24	static
