F:\NXP_TencentOS\evkbmimxrt1062_sdcard_fatfs\source\TencentOS_Tiny\kernel\core\include/tos_list.h:80:24:_list_add	0	static
F:\NXP_TencentOS\evkbmimxrt1062_sdcard_fatfs\source\TencentOS_Tiny\kernel\core\include/tos_list.h:88:24:_list_del	0	static
F:\NXP_TencentOS\evkbmimxrt1062_sdcard_fatfs\source\TencentOS_Tiny\kernel\core\include/tos_list.h:99:32:tos_list_init	0	static
F:\NXP_TencentOS\evkbmimxrt1062_sdcard_fatfs\source\TencentOS_Tiny\kernel\core\include/tos_list.h:110:32:tos_list_add_tail	8	static
F:\NXP_TencentOS\evkbmimxrt1062_sdcard_fatfs\source\TencentOS_Tiny\kernel\core\include/tos_list.h:115:32:tos_list_del	8	static
F:\NXP_TencentOS\evkbmimxrt1062_sdcard_fatfs\source\TencentOS_Tiny\kernel\core\include/tos_list.h:138:31:tos_list_empty	0	static
F:\NXP_TencentOS\evkbmimxrt1062_sdcard_fatfs\source\TencentOS_Tiny\kernel\core\include/tos_sys.h:182:31:knl_object_verify	0	static
F:\NXP_TencentOS\evkbmimxrt1062_sdcard_fatfs\source\TencentOS_Tiny\kernel\core\include/tos_sys.h:187:32:knl_object_init	0	static
F:\NXP_TencentOS\evkbmimxrt1062_sdcard_fatfs\source\TencentOS_Tiny\kernel\core\include/tos_sys.h:192:32:knl_object_deinit	0	static
../source/TencentOS_Tiny/kernel/core/tos_timer.c:22:17:timer_place	24	static
../source/TencentOS_Tiny/kernel/core/tos_timer.c:58:17:timer_takeoff	24	static
../source/TencentOS_Tiny/kernel/core/tos_timer.c:83:24:timer_reset	8	static
../source/TencentOS_Tiny/kernel/core/tos_timer.c:97:17:tos_timer_create	24	static
../source/TencentOS_Tiny/kernel/core/tos_timer.c:142:17:tos_timer_destroy	8	static
../source/TencentOS_Tiny/kernel/core/tos_timer.c:159:17:tos_timer_start	8	static
../source/TencentOS_Tiny/kernel/core/tos_timer.c:190:17:tos_timer_stop	8	static
../source/TencentOS_Tiny/kernel/core/tos_timer.c:212:20:timer_change	24	static
../source/TencentOS_Tiny/kernel/core/tos_timer.c:246:17:tos_timer_delay_change	16	static
../source/TencentOS_Tiny/kernel/core/tos_timer.c:251:17:tos_timer_period_change	16	static
../source/TencentOS_Tiny/kernel/core/tos_timer.c:256:18:timer_next_expires_get	16	static
../source/TencentOS_Tiny/kernel/core/tos_timer.c:277:14:timer_update	16	static
../source/TencentOS_Tiny/kernel/core/tos_timer.c:350:17:timer_init	0	static
