F:\NXP_TencentOS\evkbmimxrt1062_sdcard_fatfs\source\TencentOS_Tiny\kernel\core\include/tos_sys.h:182:31:knl_object_verify	0	static
F:\NXP_TencentOS\evkbmimxrt1062_sdcard_fatfs\source\TencentOS_Tiny\kernel\core\include/tos_sys.h:187:32:knl_object_init	0	static
F:\NXP_TencentOS\evkbmimxrt1062_sdcard_fatfs\source\TencentOS_Tiny\kernel\core\include/tos_sys.h:192:32:knl_object_deinit	0	static
F:\NXP_TencentOS\evkbmimxrt1062_sdcard_fatfs\source\TencentOS_Tiny\kernel\core\include/tos_sys.h:199:32:knl_object_alloc_reset	0	static
F:\NXP_TencentOS\evkbmimxrt1062_sdcard_fatfs\source\TencentOS_Tiny\kernel\core\include/tos_sys.h:204:32:knl_object_alloc_set_dynamic	0	static
F:\NXP_TencentOS\evkbmimxrt1062_sdcard_fatfs\source\TencentOS_Tiny\kernel\core\include/tos_sys.h:209:32:knl_object_alloc_set_static	0	static
F:\NXP_TencentOS\evkbmimxrt1062_sdcard_fatfs\source\TencentOS_Tiny\kernel\core\include/tos_sys.h:214:31:knl_object_alloc_is_dynamic	0	static
F:\NXP_TencentOS\evkbmimxrt1062_sdcard_fatfs\source\TencentOS_Tiny\kernel\core\include/tos_sys.h:219:31:knl_object_alloc_is_static	0	static
../source/TencentOS_Tiny/kernel/core/tos_mail_queue.c:22:17:tos_mail_q_create	16	static
../source/TencentOS_Tiny/kernel/core/tos_mail_queue.c:41:17:tos_mail_q_destroy	24	static
../source/TencentOS_Tiny/kernel/core/tos_mail_queue.c:74:17:tos_mail_q_create_dyn	16	static
../source/TencentOS_Tiny/kernel/core/tos_mail_queue.c:93:17:tos_mail_q_destroy_dyn	24	static
../source/TencentOS_Tiny/kernel/core/tos_mail_queue.c:126:17:tos_mail_q_flush	8	static
../source/TencentOS_Tiny/kernel/core/tos_mail_queue.c:134:17:tos_mail_q_pend	32	static
../source/TencentOS_Tiny/kernel/core/tos_mail_queue.c:178:17:mail_task_recv	16	static
../source/TencentOS_Tiny/kernel/core/tos_mail_queue.c:185:20:mail_q_do_post	24	static
../source/TencentOS_Tiny/kernel/core/tos_mail_queue.c:222:17:tos_mail_q_post	8	static
../source/TencentOS_Tiny/kernel/core/tos_mail_queue.c:227:17:tos_mail_q_post_all	8	static
