F:\NXP_TencentOS\evkbmimxrt1062_sdcard_fatfs\source\TencentOS_Tiny\kernel\core\include/tos_list.h:80:24:_list_add	0	static
F:\NXP_TencentOS\evkbmimxrt1062_sdcard_fatfs\source\TencentOS_Tiny\kernel\core\include/tos_list.h:88:24:_list_del	0	static
F:\NXP_TencentOS\evkbmimxrt1062_sdcard_fatfs\source\TencentOS_Tiny\kernel\core\include/tos_list.h:99:32:tos_list_init	0	static
F:\NXP_TencentOS\evkbmimxrt1062_sdcard_fatfs\source\TencentOS_Tiny\kernel\core\include/tos_list.h:105:32:tos_list_add	8	static
F:\NXP_TencentOS\evkbmimxrt1062_sdcard_fatfs\source\TencentOS_Tiny\kernel\core\include/tos_list.h:115:32:tos_list_del	8	static
F:\NXP_TencentOS\evkbmimxrt1062_sdcard_fatfs\source\TencentOS_Tiny\kernel\core\include/tos_sys.h:182:31:knl_object_verify	0	static
F:\NXP_TencentOS\evkbmimxrt1062_sdcard_fatfs\source\TencentOS_Tiny\kernel\core\include/tos_sys.h:187:32:knl_object_init	0	static
F:\NXP_TencentOS\evkbmimxrt1062_sdcard_fatfs\source\TencentOS_Tiny\kernel\core\include/tos_sys.h:192:32:knl_object_deinit	0	static
F:\NXP_TencentOS\evkbmimxrt1062_sdcard_fatfs\source\TencentOS_Tiny\kernel\core\include/tos_sys.h:204:32:knl_object_alloc_set_dynamic	0	static
F:\NXP_TencentOS\evkbmimxrt1062_sdcard_fatfs\source\TencentOS_Tiny\kernel\core\include/tos_sys.h:214:31:knl_object_alloc_is_dynamic	0	static
../source/TencentOS_Tiny/kernel/core/tos_mutex.c:22:24:mutex_old_owner_release	16	static
../source/TencentOS_Tiny/kernel/core/tos_mutex.c:42:24:mutex_fresh_owner_mark	8	static
../source/TencentOS_Tiny/kernel/core/tos_mutex.c:51:24:mutex_new_owner_mark	16	static
../source/TencentOS_Tiny/kernel/core/tos_mutex.c:64:14:mutex_release	8	static
../source/TencentOS_Tiny/kernel/core/tos_mutex.c:70:17:tos_mutex_create	16	static
../source/TencentOS_Tiny/kernel/core/tos_mutex.c:86:17:tos_mutex_create_dyn	16	static
../source/TencentOS_Tiny/kernel/core/tos_mutex.c:112:17:tos_mutex_destroy	16	static
../source/TencentOS_Tiny/kernel/core/tos_mutex.c:143:17:tos_mutex_pend_timed	24	static
../source/TencentOS_Tiny/kernel/core/tos_mutex.c:193:17:tos_mutex_pend	8	static
../source/TencentOS_Tiny/kernel/core/tos_mutex.c:198:17:tos_mutex_post	16	static
