../source/TencentOS_Tiny/kernel/core/tos_mmheap.c:89:16:generic_fls	8	static
../source/TencentOS_Tiny/kernel/core/tos_mmheap.c:95:16:__ffs	8	static
../source/TencentOS_Tiny/kernel/core/tos_mmheap.c:100:16:__fls	8	static
../source/TencentOS_Tiny/kernel/core/tos_mmheap.c:109:17:mapping_insert	16	static
../source/TencentOS_Tiny/kernel/core/tos_mmheap.c:127:17:mapping_search	16	static
../source/TencentOS_Tiny/kernel/core/tos_mmheap.c:138:26:blk_size	0	static
../source/TencentOS_Tiny/kernel/core/tos_mmheap.c:143:23:blk_is_last	8	static
../source/TencentOS_Tiny/kernel/core/tos_mmheap.c:148:24:blk_set_size	0	static
../source/TencentOS_Tiny/kernel/core/tos_mmheap.c:153:23:blk_is_free	0	static
../source/TencentOS_Tiny/kernel/core/tos_mmheap.c:158:24:blk_set_free	0	static
../source/TencentOS_Tiny/kernel/core/tos_mmheap.c:163:24:blk_set_used	0	static
../source/TencentOS_Tiny/kernel/core/tos_mmheap.c:168:23:blk_is_prev_free	0	static
../source/TencentOS_Tiny/kernel/core/tos_mmheap.c:173:24:blk_set_prev_free	0	static
../source/TencentOS_Tiny/kernel/core/tos_mmheap.c:178:17:blk_set_prev_used	0	static
../source/TencentOS_Tiny/kernel/core/tos_mmheap.c:183:33:blk_from_ptr	0	static
../source/TencentOS_Tiny/kernel/core/tos_mmheap.c:188:25:blk_to_ptr	0	static
../source/TencentOS_Tiny/kernel/core/tos_mmheap.c:194:33:offset_to_blk	0	static
../source/TencentOS_Tiny/kernel/core/tos_mmheap.c:200:33:blk_prev	0	static
../source/TencentOS_Tiny/kernel/core/tos_mmheap.c:206:26:blk_next	16	static
../source/TencentOS_Tiny/kernel/core/tos_mmheap.c:215:26:blk_link_next	8	static
../source/TencentOS_Tiny/kernel/core/tos_mmheap.c:224:17:blk_mark_as_free	8	static
../source/TencentOS_Tiny/kernel/core/tos_mmheap.c:234:17:blk_mark_as_used	8	static
../source/TencentOS_Tiny/kernel/core/tos_mmheap.c:243:26:align_up	0	static
../source/TencentOS_Tiny/kernel/core/tos_mmheap.c:248:26:align_down	0	static
../source/TencentOS_Tiny/kernel/core/tos_mmheap.c:253:25:align_ptr	0	static
../source/TencentOS_Tiny/kernel/core/tos_mmheap.c:259:17:insert_free_block	8	static
../source/TencentOS_Tiny/kernel/core/tos_mmheap.c:278:17:remove_free_block	4	static
../source/TencentOS_Tiny/kernel/core/tos_mmheap.c:305:17:blk_remove	16	static
../source/TencentOS_Tiny/kernel/core/tos_mmheap.c:314:17:blk_insert	16	static
../source/TencentOS_Tiny/kernel/core/tos_mmheap.c:322:16:blk_can_split	8	static
../source/TencentOS_Tiny/kernel/core/tos_mmheap.c:328:26:blk_split	16	static
../source/TencentOS_Tiny/kernel/core/tos_mmheap.c:346:26:blk_absorb	8	static
../source/TencentOS_Tiny/kernel/core/tos_mmheap.c:354:26:blk_merge_prev	16	static
../source/TencentOS_Tiny/kernel/core/tos_mmheap.c:368:26:blk_merge_next	16	static
../source/TencentOS_Tiny/kernel/core/tos_mmheap.c:382:17:blk_trim_free	16	static
../source/TencentOS_Tiny/kernel/core/tos_mmheap.c:395:17:blk_trim_used	16	static
../source/TencentOS_Tiny/kernel/core/tos_mmheap.c:409:26:blk_trim_free_leading	16	static
../source/TencentOS_Tiny/kernel/core/tos_mmheap.c:426:26:blk_search_suitable	16	static
../source/TencentOS_Tiny/kernel/core/tos_mmheap.c:458:26:blk_locate_free	16	static
../source/TencentOS_Tiny/kernel/core/tos_mmheap.c:490:19:adjust_request_size	8	static
../source/TencentOS_Tiny/kernel/core/tos_mmheap.c:507:18:blk_prepare_used	8	static
../source/TencentOS_Tiny/kernel/core/tos_mmheap.c:517:23:mmheap_pool_is_full	0	static
../source/TencentOS_Tiny/kernel/core/tos_mmheap.c:522:16:mmheap_pool_is_exist	0	static
../source/TencentOS_Tiny/kernel/core/tos_mmheap.c:534:24:mmheap_pool_record	0	static
../source/TencentOS_Tiny/kernel/core/tos_mmheap.c:539:17:mmheap_pool_unrecord	0	static
../source/TencentOS_Tiny/kernel/core/tos_mmheap.c:554:17:mmheap_ctl_init	0	static
../source/TencentOS_Tiny/kernel/core/tos_mmheap.c:575:17:mmheap_init	8	static
../source/TencentOS_Tiny/kernel/core/tos_mmheap.c:581:17:mmheap_init_with_pool	16	static
../source/TencentOS_Tiny/kernel/core/tos_mmheap.c:588:15:tos_mmheap_alloc	8	static
../source/TencentOS_Tiny/kernel/core/tos_mmheap.c:606:15:tos_mmheap_calloc	16	static
../source/TencentOS_Tiny/kernel/core/tos_mmheap.c:618:15:tos_mmheap_aligned_alloc	24	static
../source/TencentOS_Tiny/kernel/core/tos_mmheap.c:655:14:tos_mmheap_free	8	static
../source/TencentOS_Tiny/kernel/core/tos_mmheap.c:670:15:tos_mmheap_realloc	32	static
../source/TencentOS_Tiny/kernel/core/tos_mmheap.c:712:17:tos_mmheap_pool_add	16	static
../source/TencentOS_Tiny/kernel/core/tos_mmheap.c:759:17:tos_mmheap_pool_rmv	24	static
../source/TencentOS_Tiny/kernel/core/tos_mmheap.c:778:17:tos_mmheap_pool_check	16	static
../source/TencentOS_Tiny/kernel/core/tos_mmheap.c:801:17:tos_mmheap_check	24	static
